Archive member included to satisfy reference by file (symbol)

c:/st/stm32cubeide_1.9.0/stm32cubeide/plugins/com.st.stm32cube.ide.mcu.externaltools.gnu-tools-for-stm32.10.3-2021.10.win32_1.0.0.202111181127/tools/bin/../lib/gcc/arm-none-eabi/10.3.1/../../../../arm-none-eabi/lib/thumb/v7e-m/nofp\libc_nano.a(lib_a-errno.o)
                              ./Core/Src/syscalls.o (__errno)
c:/st/stm32cubeide_1.9.0/stm32cubeide/plugins/com.st.stm32cube.ide.mcu.externaltools.gnu-tools-for-stm32.10.3-2021.10.win32_1.0.0.202111181127/tools/bin/../lib/gcc/arm-none-eabi/10.3.1/../../../../arm-none-eabi/lib/thumb/v7e-m/nofp\libc_nano.a(lib_a-exit.o)
                              c:/st/stm32cubeide_1.9.0/stm32cubeide/plugins/com.st.stm32cube.ide.mcu.externaltools.gnu-tools-for-stm32.10.3-2021.10.win32_1.0.0.202111181127/tools/bin/../lib/gcc/arm-none-eabi/10.3.1/../../../../arm-none-eabi/lib/thumb/v7e-m/nofp/crt0.o (exit)
c:/st/stm32cubeide_1.9.0/stm32cubeide/plugins/com.st.stm32cube.ide.mcu.externaltools.gnu-tools-for-stm32.10.3-2021.10.win32_1.0.0.202111181127/tools/bin/../lib/gcc/arm-none-eabi/10.3.1/../../../../arm-none-eabi/lib/thumb/v7e-m/nofp\libc_nano.a(lib_a-impure.o)
                              c:/st/stm32cubeide_1.9.0/stm32cubeide/plugins/com.st.stm32cube.ide.mcu.externaltools.gnu-tools-for-stm32.10.3-2021.10.win32_1.0.0.202111181127/tools/bin/../lib/gcc/arm-none-eabi/10.3.1/../../../../arm-none-eabi/lib/thumb/v7e-m/nofp\libc_nano.a(lib_a-exit.o) (_global_impure_ptr)
c:/st/stm32cubeide_1.9.0/stm32cubeide/plugins/com.st.stm32cube.ide.mcu.externaltools.gnu-tools-for-stm32.10.3-2021.10.win32_1.0.0.202111181127/tools/bin/../lib/gcc/arm-none-eabi/10.3.1/../../../../arm-none-eabi/lib/thumb/v7e-m/nofp\libc_nano.a(lib_a-init.o)
                              c:/st/stm32cubeide_1.9.0/stm32cubeide/plugins/com.st.stm32cube.ide.mcu.externaltools.gnu-tools-for-stm32.10.3-2021.10.win32_1.0.0.202111181127/tools/bin/../lib/gcc/arm-none-eabi/10.3.1/../../../../arm-none-eabi/lib/thumb/v7e-m/nofp/crt0.o (__libc_init_array)
c:/st/stm32cubeide_1.9.0/stm32cubeide/plugins/com.st.stm32cube.ide.mcu.externaltools.gnu-tools-for-stm32.10.3-2021.10.win32_1.0.0.202111181127/tools/bin/../lib/gcc/arm-none-eabi/10.3.1/../../../../arm-none-eabi/lib/thumb/v7e-m/nofp\libc_nano.a(lib_a-memcpy-stub.o)
                              ./SubGHz_Phy/App/subghz_phy_app.o (memcpy)
c:/st/stm32cubeide_1.9.0/stm32cubeide/plugins/com.st.stm32cube.ide.mcu.externaltools.gnu-tools-for-stm32.10.3-2021.10.win32_1.0.0.202111181127/tools/bin/../lib/gcc/arm-none-eabi/10.3.1/../../../../arm-none-eabi/lib/thumb/v7e-m/nofp\libc_nano.a(lib_a-memset.o)
                              c:/st/stm32cubeide_1.9.0/stm32cubeide/plugins/com.st.stm32cube.ide.mcu.externaltools.gnu-tools-for-stm32.10.3-2021.10.win32_1.0.0.202111181127/tools/bin/../lib/gcc/arm-none-eabi/10.3.1/../../../../arm-none-eabi/lib/thumb/v7e-m/nofp/crt0.o (memset)
c:/st/stm32cubeide_1.9.0/stm32cubeide/plugins/com.st.stm32cube.ide.mcu.externaltools.gnu-tools-for-stm32.10.3-2021.10.win32_1.0.0.202111181127/tools/bin/../lib/gcc/arm-none-eabi/10.3.1/../../../../arm-none-eabi/lib/thumb/v7e-m/nofp\libc_nano.a(lib_a-strlen.o)
                              ./Core/Src/sys_app.o (strlen)
c:/st/stm32cubeide_1.9.0/stm32cubeide/plugins/com.st.stm32cube.ide.mcu.externaltools.gnu-tools-for-stm32.10.3-2021.10.win32_1.0.0.202111181127/tools/bin/../lib/gcc/arm-none-eabi/10.3.1/../../../../arm-none-eabi/lib/thumb/v7e-m/nofp\libc_nano.a(lib_a-strncmp.o)
                              ./SubGHz_Phy/App/subghz_phy_app.o (strncmp)
c:/st/stm32cubeide_1.9.0/stm32cubeide/plugins/com.st.stm32cube.ide.mcu.externaltools.gnu-tools-for-stm32.10.3-2021.10.win32_1.0.0.202111181127/tools/bin/../lib/gcc/arm-none-eabi/10.3.1/thumb/v7e-m/nofp\libgcc.a(_aeabi_uldivmod.o)
                              ./Core/Src/timer_if.o (__aeabi_uldivmod)
c:/st/stm32cubeide_1.9.0/stm32cubeide/plugins/com.st.stm32cube.ide.mcu.externaltools.gnu-tools-for-stm32.10.3-2021.10.win32_1.0.0.202111181127/tools/bin/../lib/gcc/arm-none-eabi/10.3.1/thumb/v7e-m/nofp\libgcc.a(_udivmoddi4.o)
                              c:/st/stm32cubeide_1.9.0/stm32cubeide/plugins/com.st.stm32cube.ide.mcu.externaltools.gnu-tools-for-stm32.10.3-2021.10.win32_1.0.0.202111181127/tools/bin/../lib/gcc/arm-none-eabi/10.3.1/thumb/v7e-m/nofp\libgcc.a(_aeabi_uldivmod.o) (__udivmoddi4)
c:/st/stm32cubeide_1.9.0/stm32cubeide/plugins/com.st.stm32cube.ide.mcu.externaltools.gnu-tools-for-stm32.10.3-2021.10.win32_1.0.0.202111181127/tools/bin/../lib/gcc/arm-none-eabi/10.3.1/thumb/v7e-m/nofp\libgcc.a(_dvmd_tls.o)
                              c:/st/stm32cubeide_1.9.0/stm32cubeide/plugins/com.st.stm32cube.ide.mcu.externaltools.gnu-tools-for-stm32.10.3-2021.10.win32_1.0.0.202111181127/tools/bin/../lib/gcc/arm-none-eabi/10.3.1/thumb/v7e-m/nofp\libgcc.a(_aeabi_uldivmod.o) (__aeabi_ldiv0)

Discarded input sections

[...]
Memory Configuration

Name             Origin             Length             Attributes
RAM              0x0000000020000000 0x0000000000010000 xrw
RAM2             0x0000000010000000 0x0000000000008000 xrw
FLASH            0x0000000008000000 0x0000000000040000 xr
*default*        0x0000000000000000 0xffffffffffffffff

Linker script and memory map

LOAD c:/st/stm32cubeide_1.9.0/stm32cubeide/plugins/com.st.stm32cube.ide.mcu.externaltools.gnu-tools-for-stm32.10.3-2021.10.win32_1.0.0.202111181127/tools/bin/../lib/gcc/arm-none-eabi/10.3.1/thumb/v7e-m/nofp/crti.o
LOAD c:/st/stm32cubeide_1.9.0/stm32cubeide/plugins/com.st.stm32cube.ide.mcu.externaltools.gnu-tools-for-stm32.10.3-2021.10.win32_1.0.0.202111181127/tools/bin/../lib/gcc/arm-none-eabi/10.3.1/thumb/v7e-m/nofp/crtbegin.o
LOAD c:/st/stm32cubeide_1.9.0/stm32cubeide/plugins/com.st.stm32cube.ide.mcu.externaltools.gnu-tools-for-stm32.10.3-2021.10.win32_1.0.0.202111181127/tools/bin/../lib/gcc/arm-none-eabi/10.3.1/../../../../arm-none-eabi/lib/thumb/v7e-m/nofp/crt0.o
LOAD ./Core/Src/dma.o
LOAD ./Core/Src/gpio.o
LOAD ./Core/Src/main.o
LOAD ./Core/Src/rtc.o
LOAD ./Core/Src/stm32_lpm_if.o
LOAD ./Core/Src/stm32wlxx_hal_msp.o
LOAD ./Core/Src/stm32wlxx_it.o
LOAD ./Core/Src/subghz.o
LOAD ./Core/Src/sys_app.o
LOAD ./Core/Src/sys_debug.o
LOAD ./Core/Src/syscalls.o
LOAD ./Core/Src/sysmem.o
LOAD ./Core/Src/system_stm32wlxx.o
LOAD ./Core/Src/timer_if.o
LOAD ./Core/Src/usart.o
LOAD ./Core/Src/usart_if.o
LOAD ./Core/Startup/startup_stm32wl55jcix.o
LOAD ./Drivers/BSP/STM32WLxx_Nucleo/stm32wlxx_nucleo.o
LOAD ./Drivers/BSP/STM32WLxx_Nucleo/stm32wlxx_nucleo_radio.o
LOAD ./Drivers/STM32WLxx_HAL_Driver/Src/stm32wlxx_hal.o
LOAD ./Drivers/STM32WLxx_HAL_Driver/Src/stm32wlxx_hal_cortex.o
LOAD ./Drivers/STM32WLxx_HAL_Driver/Src/stm32wlxx_hal_dma.o
LOAD ./Drivers/STM32WLxx_HAL_Driver/Src/stm32wlxx_hal_dma_ex.o
LOAD ./Drivers/STM32WLxx_HAL_Driver/Src/stm32wlxx_hal_exti.o
LOAD ./Drivers/STM32WLxx_HAL_Driver/Src/stm32wlxx_hal_flash.o
LOAD ./Drivers/STM32WLxx_HAL_Driver/Src/stm32wlxx_hal_flash_ex.o
LOAD ./Drivers/STM32WLxx_HAL_Driver/Src/stm32wlxx_hal_gpio.o
LOAD ./Drivers/STM32WLxx_HAL_Driver/Src/stm32wlxx_hal_pwr.o
LOAD ./Drivers/STM32WLxx_HAL_Driver/Src/stm32wlxx_hal_pwr_ex.o
LOAD ./Drivers/STM32WLxx_HAL_Driver/Src/stm32wlxx_hal_rcc.o
LOAD ./Drivers/STM32WLxx_HAL_Driver/Src/stm32wlxx_hal_rcc_ex.o
LOAD ./Drivers/STM32WLxx_HAL_Driver/Src/stm32wlxx_hal_rtc.o
LOAD ./Drivers/STM32WLxx_HAL_Driver/Src/stm32wlxx_hal_rtc_ex.o
LOAD ./Drivers/STM32WLxx_HAL_Driver/Src/stm32wlxx_hal_subghz.o
LOAD ./Drivers/STM32WLxx_HAL_Driver/Src/stm32wlxx_hal_tim.o
LOAD ./Drivers/STM32WLxx_HAL_Driver/Src/stm32wlxx_hal_tim_ex.o
LOAD ./Drivers/STM32WLxx_HAL_Driver/Src/stm32wlxx_hal_uart.o
LOAD ./Drivers/STM32WLxx_HAL_Driver/Src/stm32wlxx_hal_uart_ex.o
LOAD ./Middlewares/Third_Party/SubGHz_Phy/stm32_radio_driver/radio.o
LOAD ./Middlewares/Third_Party/SubGHz_Phy/stm32_radio_driver/radio_driver.o
LOAD ./Middlewares/Third_Party/SubGHz_Phy/stm32_radio_driver/radio_fw.o
LOAD ./SubGHz_Phy/App/app_subghz_phy.o
LOAD ./SubGHz_Phy/App/subghz_phy_app.o
LOAD ./SubGHz_Phy/Target/radio_board_if.o
LOAD ./Utilities/lpm/tiny_lpm/stm32_lpm.o
LOAD ./Utilities/misc/stm32_mem.o
LOAD ./Utilities/misc/stm32_systime.o
LOAD ./Utilities/misc/stm32_tiny_sscanf.o
LOAD ./Utilities/misc/stm32_tiny_vsnprintf.o
LOAD ./Utilities/sequencer/stm32_seq.o
LOAD ./Utilities/timer/stm32_timer.o
LOAD ./Utilities/trace/adv_trace/stm32_adv_trace.o
START GROUP
LOAD c:/st/stm32cubeide_1.9.0/stm32cubeide/plugins/com.st.stm32cube.ide.mcu.externaltools.gnu-tools-for-stm32.10.3-2021.10.win32_1.0.0.202111181127/tools/bin/../lib/gcc/arm-none-eabi/10.3.1/../../../../arm-none-eabi/lib/thumb/v7e-m/nofp\libc_nano.a
LOAD c:/st/stm32cubeide_1.9.0/stm32cubeide/plugins/com.st.stm32cube.ide.mcu.externaltools.gnu-tools-for-stm32.10.3-2021.10.win32_1.0.0.202111181127/tools/bin/../lib/gcc/arm-none-eabi/10.3.1/../../../../arm-none-eabi/lib/thumb/v7e-m/nofp\libm.a
END GROUP
START GROUP
LOAD c:/st/stm32cubeide_1.9.0/stm32cubeide/plugins/com.st.stm32cube.ide.mcu.externaltools.gnu-tools-for-stm32.10.3-2021.10.win32_1.0.0.202111181127/tools/bin/../lib/gcc/arm-none-eabi/10.3.1/thumb/v7e-m/nofp\libgcc.a
LOAD c:/st/stm32cubeide_1.9.0/stm32cubeide/plugins/com.st.stm32cube.ide.mcu.externaltools.gnu-tools-for-stm32.10.3-2021.10.win32_1.0.0.202111181127/tools/bin/../lib/gcc/arm-none-eabi/10.3.1/../../../../arm-none-eabi/lib/thumb/v7e-m/nofp\libc_nano.a
END GROUP
START GROUP
LOAD c:/st/stm32cubeide_1.9.0/stm32cubeide/plugins/com.st.stm32cube.ide.mcu.externaltools.gnu-tools-for-stm32.10.3-2021.10.win32_1.0.0.202111181127/tools/bin/../lib/gcc/arm-none-eabi/10.3.1/thumb/v7e-m/nofp\libgcc.a
LOAD c:/st/stm32cubeide_1.9.0/stm32cubeide/plugins/com.st.stm32cube.ide.mcu.externaltools.gnu-tools-for-stm32.10.3-2021.10.win32_1.0.0.202111181127/tools/bin/../lib/gcc/arm-none-eabi/10.3.1/../../../../arm-none-eabi/lib/thumb/v7e-m/nofp\libc_nano.a
LOAD c:/st/stm32cubeide_1.9.0/stm32cubeide/plugins/com.st.stm32cube.ide.mcu.externaltools.gnu-tools-for-stm32.10.3-2021.10.win32_1.0.0.202111181127/tools/bin/../lib/gcc/arm-none-eabi/10.3.1/../../../../arm-none-eabi/lib/thumb/v7e-m/nofp\libnosys.a
END GROUP
START GROUP
LOAD c:/st/stm32cubeide_1.9.0/stm32cubeide/plugins/com.st.stm32cube.ide.mcu.externaltools.gnu-tools-for-stm32.10.3-2021.10.win32_1.0.0.202111181127/tools/bin/../lib/gcc/arm-none-eabi/10.3.1/thumb/v7e-m/nofp\libgcc.a
LOAD c:/st/stm32cubeide_1.9.0/stm32cubeide/plugins/com.st.stm32cube.ide.mcu.externaltools.gnu-tools-for-stm32.10.3-2021.10.win32_1.0.0.202111181127/tools/bin/../lib/gcc/arm-none-eabi/10.3.1/../../../../arm-none-eabi/lib/thumb/v7e-m/nofp\libc_nano.a
LOAD c:/st/stm32cubeide_1.9.0/stm32cubeide/plugins/com.st.stm32cube.ide.mcu.externaltools.gnu-tools-for-stm32.10.3-2021.10.win32_1.0.0.202111181127/tools/bin/../lib/gcc/arm-none-eabi/10.3.1/../../../../arm-none-eabi/lib/thumb/v7e-m/nofp\libnosys.a
END GROUP
LOAD c:/st/stm32cubeide_1.9.0/stm32cubeide/plugins/com.st.stm32cube.ide.mcu.externaltools.gnu-tools-for-stm32.10.3-2021.10.win32_1.0.0.202111181127/tools/bin/../lib/gcc/arm-none-eabi/10.3.1/thumb/v7e-m/nofp/crtend.o
LOAD c:/st/stm32cubeide_1.9.0/stm32cubeide/plugins/com.st.stm32cube.ide.mcu.externaltools.gnu-tools-for-stm32.10.3-2021.10.win32_1.0.0.202111181127/tools/bin/../lib/gcc/arm-none-eabi/10.3.1/thumb/v7e-m/nofp/crtn.o
                0x0000000020010000                _estack = (ORIGIN (RAM) + LENGTH (RAM))
                0x0000000000000200                _Min_Heap_Size = 0x200
                0x0000000000000800                _Min_Stack_Size = 0x800

.isr_vector     0x0000000008000000      0x138
                0x0000000008000000                . = ALIGN (0x4)
 *(.isr_vector)
 .isr_vector    0x0000000008000000      0x138 ./Core/Startup/startup_stm32wl55jcix.o
                0x0000000008000000                g_pfnVectors
                0x0000000008000138                . = ALIGN (0x4)

.text           0x0000000008000138     0xc03c
                0x0000000008000138                . = ALIGN (0x4)
 *(.text)
 .text          0x0000000008000138       0x40 c:/st/stm32cubeide_1.9.0/stm32cubeide/plugins/com.st.stm32cube.ide.mcu.externaltools.gnu-tools-for-stm32.10.3-2021.10.win32_1.0.0.202111181127/tools/bin/../lib/gcc/arm-none-eabi/10.3.1/thumb/v7e-m/nofp/crtbegin.o
 .text          0x0000000008000178       0x10 c:/st/stm32cubeide_1.9.0/stm32cubeide/plugins/com.st.stm32cube.ide.mcu.externaltools.gnu-tools-for-stm32.10.3-2021.10.win32_1.0.0.202111181127/tools/bin/../lib/gcc/arm-none-eabi/10.3.1/../../../../arm-none-eabi/lib/thumb/v7e-m/nofp\libc_nano.a(lib_a-strlen.o)
                0x0000000008000178                strlen
 .text          0x0000000008000188       0x30 c:/st/stm32cubeide_1.9.0/stm32cubeide/plugins/com.st.stm32cube.ide.mcu.externaltools.gnu-tools-for-stm32.10.3-2021.10.win32_1.0.0.202111181127/tools/bin/../lib/gcc/arm-none-eabi/10.3.1/thumb/v7e-m/nofp\libgcc.a(_aeabi_uldivmod.o)
                0x0000000008000188                __aeabi_uldivmod
 .text          0x00000000080001b8      0x2d0 c:/st/stm32cubeide_1.9.0/stm32cubeide/plugins/com.st.stm32cube.ide.mcu.externaltools.gnu-tools-for-stm32.10.3-2021.10.win32_1.0.0.202111181127/tools/bin/../lib/gcc/arm-none-eabi/10.3.1/thumb/v7e-m/nofp\libgcc.a(_udivmoddi4.o)
                0x00000000080001b8                __udivmoddi4
 .text          0x0000000008000488        0x4 c:/st/stm32cubeide_1.9.0/stm32cubeide/plugins/com.st.stm32cube.ide.mcu.externaltools.gnu-tools-for-stm32.10.3-2021.10.win32_1.0.0.202111181127/tools/bin/../lib/gcc/arm-none-eabi/10.3.1/thumb/v7e-m/nofp\libgcc.a(_dvmd_tls.o)
                0x0000000008000488                __aeabi_idiv0
                0x0000000008000488                __aeabi_ldiv0
 *(.text*)
 .text.LL_AHB1_GRP1_EnableClock
                0x000000000800048c       0x30 ./Core/Src/dma.o
 .text.MX_DMA_Init
                0x00000000080004bc       0x24 ./Core/Src/dma.o
                0x00000000080004bc                MX_DMA_Init
 .text.LL_AHB2_GRP1_EnableClock
                0x00000000080004e0       0x30 ./Core/Src/gpio.o
 .text.MX_GPIO_Init
                0x0000000008000510       0xac ./Core/Src/gpio.o
                0x0000000008000510                MX_GPIO_Init
 .text.LL_RCC_LSE_SetDriveCapability
                0x00000000080005bc       0x2a ./Core/Src/main.o
 .text.main     0x00000000080005e6       0x1a ./Core/Src/main.o
                0x00000000080005e6                main
 .text.SystemClock_Config
                0x0000000008000600       0xb0 ./Core/Src/main.o
                0x0000000008000600                SystemClock_Config
 .text.Error_Handler
                0x00000000080006b0        0xa ./Core/Src/main.o
                0x00000000080006b0                Error_Handler
 .text.LL_RCC_EnableRTC
                0x00000000080006ba       0x20 ./Core/Src/rtc.o
 .text.LL_APB1_GRP1_EnableClock
                0x00000000080006da       0x30 ./Core/Src/rtc.o
 *fill*         0x000000000800070a        0x2 
 .text.MX_RTC_Init
                0x000000000800070c       0xa4 ./Core/Src/rtc.o
                0x000000000800070c                MX_RTC_Init
 .text.HAL_RTC_MspInit
                0x00000000080007b0       0x78 ./Core/Src/rtc.o
                0x00000000080007b0                HAL_RTC_MspInit
 .text.LL_PWR_ClearFlag_C1STOP_C1STB
                0x0000000008000828       0x18 ./Core/Src/stm32_lpm_if.o
 .text.PWR_EnterOffMode
                0x0000000008000840        0xc ./Core/Src/stm32_lpm_if.o
                0x0000000008000840                PWR_EnterOffMode
 .text.PWR_ExitOffMode
                0x000000000800084c        0xc ./Core/Src/stm32_lpm_if.o
                0x000000000800084c                PWR_ExitOffMode
 .text.PWR_EnterStopMode
                0x0000000008000858       0x16 ./Core/Src/stm32_lpm_if.o
                0x0000000008000858                PWR_EnterStopMode
 .text.PWR_ExitStopMode
                0x000000000800086e       0x10 ./Core/Src/stm32_lpm_if.o
                0x000000000800086e                PWR_ExitStopMode
 .text.PWR_EnterSleepMode
                0x000000000800087e       0x14 ./Core/Src/stm32_lpm_if.o
                0x000000000800087e                PWR_EnterSleepMode
 .text.PWR_ExitSleepMode
                0x0000000008000892        0xc ./Core/Src/stm32_lpm_if.o
                0x0000000008000892                PWR_ExitSleepMode
 .text.HAL_MspInit
                0x000000000800089e        0xc ./Core/Src/stm32wlxx_hal_msp.o
                0x000000000800089e                HAL_MspInit
 .text.NMI_Handler
                0x00000000080008aa        0x6 ./Core/Src/stm32wlxx_it.o
                0x00000000080008aa                NMI_Handler
 .text.HardFault_Handler
                0x00000000080008b0        0x6 ./Core/Src/stm32wlxx_it.o
                0x00000000080008b0                HardFault_Handler
 .text.MemManage_Handler
                0x00000000080008b6        0x6 ./Core/Src/stm32wlxx_it.o
                0x00000000080008b6                MemManage_Handler
 .text.BusFault_Handler
                0x00000000080008bc        0x6 ./Core/Src/stm32wlxx_it.o
                0x00000000080008bc                BusFault_Handler
 .text.UsageFault_Handler
                0x00000000080008c2        0x6 ./Core/Src/stm32wlxx_it.o
                0x00000000080008c2                UsageFault_Handler
 .text.SVC_Handler
                0x00000000080008c8        0xc ./Core/Src/stm32wlxx_it.o
                0x00000000080008c8                SVC_Handler
 .text.DebugMon_Handler
                0x00000000080008d4        0xc ./Core/Src/stm32wlxx_it.o
                0x00000000080008d4                DebugMon_Handler
 .text.PendSV_Handler
                0x00000000080008e0        0xc ./Core/Src/stm32wlxx_it.o
                0x00000000080008e0                PendSV_Handler
 .text.SysTick_Handler
                0x00000000080008ec        0xc ./Core/Src/stm32wlxx_it.o
                0x00000000080008ec                SysTick_Handler
 .text.TAMP_STAMP_LSECSS_SSRU_IRQHandler
                0x00000000080008f8       0x14 ./Core/Src/stm32wlxx_it.o
                0x00000000080008f8                TAMP_STAMP_LSECSS_SSRU_IRQHandler
 .text.DMA1_Channel5_IRQHandler
                0x000000000800090c       0x14 ./Core/Src/stm32wlxx_it.o
                0x000000000800090c                DMA1_Channel5_IRQHandler
 .text.USART2_IRQHandler
                0x0000000008000920       0x14 ./Core/Src/stm32wlxx_it.o
                0x0000000008000920                USART2_IRQHandler
 .text.RTC_Alarm_IRQHandler
                0x0000000008000934       0x14 ./Core/Src/stm32wlxx_it.o
                0x0000000008000934                RTC_Alarm_IRQHandler
 .text.SUBGHZ_Radio_IRQHandler
                0x0000000008000948       0x14 ./Core/Src/stm32wlxx_it.o
                0x0000000008000948                SUBGHZ_Radio_IRQHandler
 .text.LL_APB3_GRP1_EnableClock
                0x000000000800095c       0x30 ./Core/Src/subghz.o
 .text.MX_SUBGHZ_Init
                0x000000000800098c       0x24 ./Core/Src/subghz.o
                0x000000000800098c                MX_SUBGHZ_Init
 .text.HAL_SUBGHZ_MspInit
                0x00000000080009b0       0x26 ./Core/Src/subghz.o
                0x00000000080009b0                HAL_SUBGHZ_MspInit
 .text.LL_RCC_SetClkAfterWakeFromStop
                0x00000000080009d6       0x26 ./Core/Src/sys_app.o
 .text.SystemApp_Init
                0x00000000080009fc       0x40 ./Core/Src/sys_app.o
                0x00000000080009fc                SystemApp_Init
 .text.UTIL_SEQ_Idle
                0x0000000008000a3c        0xc ./Core/Src/sys_app.o
                0x0000000008000a3c                UTIL_SEQ_Idle
 .text.TimestampNow
                0x0000000008000a48       0x40 ./Core/Src/sys_app.o
 .text.UTIL_ADV_TRACE_PreSendHook
                0x0000000008000a88       0x10 ./Core/Src/sys_app.o
                0x0000000008000a88                UTIL_ADV_TRACE_PreSendHook
 .text.UTIL_ADV_TRACE_PostSendHook
                0x0000000008000a98       0x10 ./Core/Src/sys_app.o
                0x0000000008000a98                UTIL_ADV_TRACE_PostSendHook
 .text.tiny_snprintf_like
                0x0000000008000aa8       0x2c ./Core/Src/sys_app.o
 .text.HAL_InitTick
                0x0000000008000ad4       0x14 ./Core/Src/sys_app.o
                0x0000000008000ad4                HAL_InitTick
 .text.HAL_GetTick
                0x0000000008000ae8       0x28 ./Core/Src/sys_app.o
                0x0000000008000ae8                HAL_GetTick
 .text.HAL_Delay
                0x0000000008000b10       0x18 ./Core/Src/sys_app.o
                0x0000000008000b10                HAL_Delay
 .text.LL_AHB2_GRP1_EnableClock
                0x0000000008000b28       0x30 ./Core/Src/sys_debug.o
 .text.DBG_Init
                0x0000000008000b58       0x7c ./Core/Src/sys_debug.o
                0x0000000008000b58                DBG_Init
 .text.SystemInit
                0x0000000008000bd4        0xc ./Core/Src/system_stm32wlxx.o
                0x0000000008000bd4                SystemInit
 .text.LL_RTC_TIME_GetSubSecond
                0x0000000008000be0       0x16 ./Core/Src/timer_if.o
 *fill*         0x0000000008000bf6        0x2 
 .text.TIMER_IF_Init
                0x0000000008000bf8       0x64 ./Core/Src/timer_if.o
                0x0000000008000bf8                TIMER_IF_Init
 .text.TIMER_IF_StartTimer
                0x0000000008000c5c       0x70 ./Core/Src/timer_if.o
                0x0000000008000c5c                TIMER_IF_StartTimer
 .text.TIMER_IF_StopTimer
                0x0000000008000ccc       0x34 ./Core/Src/timer_if.o
                0x0000000008000ccc                TIMER_IF_StopTimer
 .text.TIMER_IF_SetTimerContext
                0x0000000008000d00       0x1c ./Core/Src/timer_if.o
                0x0000000008000d00                TIMER_IF_SetTimerContext
 .text.TIMER_IF_GetTimerContext
                0x0000000008000d1c       0x14 ./Core/Src/timer_if.o
                0x0000000008000d1c                TIMER_IF_GetTimerContext
 .text.TIMER_IF_GetTimerElapsedTime
                0x0000000008000d30       0x28 ./Core/Src/timer_if.o
                0x0000000008000d30                TIMER_IF_GetTimerElapsedTime
 .text.TIMER_IF_GetTimerValue
                0x0000000008000d58       0x28 ./Core/Src/timer_if.o
                0x0000000008000d58                TIMER_IF_GetTimerValue
 .text.TIMER_IF_GetMinimumTimeout
                0x0000000008000d80       0x1a ./Core/Src/timer_if.o
                0x0000000008000d80                TIMER_IF_GetMinimumTimeout
 .text.TIMER_IF_Convert_ms2Tick
                0x0000000008000d9a       0x3a ./Core/Src/timer_if.o
                0x0000000008000d9a                TIMER_IF_Convert_ms2Tick
 .text.TIMER_IF_Convert_Tick2ms
                0x0000000008000dd4       0x92 ./Core/Src/timer_if.o
                0x0000000008000dd4                TIMER_IF_Convert_Tick2ms
 .text.TIMER_IF_DelayMs
                0x0000000008000e66       0x34 ./Core/Src/timer_if.o
                0x0000000008000e66                TIMER_IF_DelayMs
 .text.HAL_RTC_AlarmAEventCallback
                0x0000000008000e9a       0x14 ./Core/Src/timer_if.o
                0x0000000008000e9a                HAL_RTC_AlarmAEventCallback
 .text.HAL_RTCEx_SSRUEventCallback
                0x0000000008000eae       0x20 ./Core/Src/timer_if.o
                0x0000000008000eae                HAL_RTCEx_SSRUEventCallback
 .text.TIMER_IF_GetTime
                0x0000000008000ece       0x8e ./Core/Src/timer_if.o
                0x0000000008000ece                TIMER_IF_GetTime
 .text.TIMER_IF_BkUp_Write_Seconds
                0x0000000008000f5c       0x20 ./Core/Src/timer_if.o
                0x0000000008000f5c                TIMER_IF_BkUp_Write_Seconds
 .text.TIMER_IF_BkUp_Write_SubSeconds
                0x0000000008000f7c       0x20 ./Core/Src/timer_if.o
                0x0000000008000f7c                TIMER_IF_BkUp_Write_SubSeconds
 .text.TIMER_IF_BkUp_Read_Seconds
                0x0000000008000f9c       0x24 ./Core/Src/timer_if.o
                0x0000000008000f9c                TIMER_IF_BkUp_Read_Seconds
 .text.TIMER_IF_BkUp_Read_SubSeconds
                0x0000000008000fc0       0x24 ./Core/Src/timer_if.o
                0x0000000008000fc0                TIMER_IF_BkUp_Read_SubSeconds
 .text.TIMER_IF_BkUp_Write_MSBticks
                0x0000000008000fe4       0x20 ./Core/Src/timer_if.o
 .text.TIMER_IF_BkUp_Read_MSBticks
                0x0000000008001004       0x20 ./Core/Src/timer_if.o
 .text.GetTimerTicks
                0x0000000008001024       0x38 ./Core/Src/timer_if.o
 .text.LL_AHB2_GRP1_EnableClock
                0x000000000800105c       0x30 ./Core/Src/usart.o
 .text.LL_APB1_GRP1_EnableClock
                0x000000000800108c       0x30 ./Core/Src/usart.o
 .text.LL_APB1_GRP1_DisableClock
                0x00000000080010bc       0x24 ./Core/Src/usart.o
 .text.MX_USART2_UART_Init
                0x00000000080010e0       0x98 ./Core/Src/usart.o
                0x00000000080010e0                MX_USART2_UART_Init
 .text.HAL_UART_MspInit
                0x0000000008001178      0x108 ./Core/Src/usart.o
                0x0000000008001178                HAL_UART_MspInit
 .text.HAL_UART_MspDeInit
                0x0000000008001280       0x40 ./Core/Src/usart.o
                0x0000000008001280                HAL_UART_MspDeInit
 .text.LL_APB1_GRP1_ForceReset
                0x00000000080012c0       0x22 ./Core/Src/usart_if.o
 .text.LL_APB1_GRP1_ReleaseReset
                0x00000000080012e2       0x24 ./Core/Src/usart_if.o
 *fill*         0x0000000008001306        0x2 
 .text.LL_EXTI_EnableIT_0_31
                0x0000000008001308       0x28 ./Core/Src/usart_if.o
 .text.vcom_Init
                0x0000000008001330       0x2c ./Core/Src/usart_if.o
                0x0000000008001330                vcom_Init
 .text.vcom_DeInit
                0x000000000800135c       0x2c ./Core/Src/usart_if.o
                0x000000000800135c                vcom_DeInit
 .text.vcom_Trace_DMA
                0x0000000008001388       0x28 ./Core/Src/usart_if.o
                0x0000000008001388                vcom_Trace_DMA
 .text.vcom_ReceiveInit
                0x00000000080013b0       0x7c ./Core/Src/usart_if.o
                0x00000000080013b0                vcom_ReceiveInit
 .text.vcom_Resume
                0x000000000800142c       0x30 ./Core/Src/usart_if.o
                0x000000000800142c                vcom_Resume
 .text.HAL_UART_TxCpltCallback
                0x000000000800145c       0x2c ./Core/Src/usart_if.o
                0x000000000800145c                HAL_UART_TxCpltCallback
 .text.HAL_UART_RxCpltCallback
                0x0000000008001488       0x50 ./Core/Src/usart_if.o
                0x0000000008001488                HAL_UART_RxCpltCallback
 .text.Reset_Handler
                0x00000000080014d8       0x50 ./Core/Startup/startup_stm32wl55jcix.o
                0x00000000080014d8                Reset_Handler
 .text.Default_Handler
                0x0000000008001528        0x2 ./Core/Startup/startup_stm32wl55jcix.o
                0x0000000008001528                EXTI2_IRQHandler
                0x0000000008001528                TIM1_CC_IRQHandler
                0x0000000008001528                EXTI3_IRQHandler
                0x0000000008001528                LPTIM2_IRQHandler
                0x0000000008001528                I2C3_ER_IRQHandler
                0x0000000008001528                LPTIM3_IRQHandler
                0x0000000008001528                EXTI0_IRQHandler
                0x0000000008001528                I2C2_EV_IRQHandler
                0x0000000008001528                SPI1_IRQHandler
                0x0000000008001528                DMA2_Channel2_IRQHandler
                0x0000000008001528                DMA1_Channel4_IRQHandler
                0x0000000008001528                PKA_IRQHandler
                0x0000000008001528                TIM17_IRQHandler
                0x0000000008001528                DMA1_Channel7_IRQHandler
                0x0000000008001528                SUBGHZSPI_IRQHandler
                0x0000000008001528                IPCC_C1_TX_IRQHandler
                0x0000000008001528                DMA2_Channel1_IRQHandler
                0x0000000008001528                I2C1_EV_IRQHandler
                0x0000000008001528                DMAMUX1_OVR_IRQHandler
                0x0000000008001528                DMA1_Channel6_IRQHandler
                0x0000000008001528                TIM16_IRQHandler
                0x0000000008001528                DMA2_Channel4_IRQHandler
                0x0000000008001528                RCC_IRQHandler
                0x0000000008001528                TIM1_TRG_COM_IRQHandler
                0x0000000008001528                DMA1_Channel1_IRQHandler
                0x0000000008001528                Default_Handler
                0x0000000008001528                DMA2_Channel7_IRQHandler
                0x0000000008001528                EXTI15_10_IRQHandler
                0x0000000008001528                IPCC_C1_RX_IRQHandler
                0x0000000008001528                ADC_IRQHandler
                0x0000000008001528                C2SEV_PWR_C2H_IRQHandler
                0x0000000008001528                I2C3_EV_IRQHandler
                0x0000000008001528                EXTI9_5_IRQHandler
                0x0000000008001528                RTC_WKUP_IRQHandler
                0x0000000008001528                PVD_PVM_IRQHandler
                0x0000000008001528                SPI2_IRQHandler
                0x0000000008001528                DMA2_Channel5_IRQHandler
                0x0000000008001528                EXTI4_IRQHandler
                0x0000000008001528                RNG_IRQHandler
                0x0000000008001528                DMA1_Channel3_IRQHandler
                0x0000000008001528                COMP_IRQHandler
                0x0000000008001528                HSEM_IRQHandler
                0x0000000008001528                TIM1_UP_IRQHandler
                0x0000000008001528                WWDG_IRQHandler
                0x0000000008001528                LPUART1_IRQHandler
                0x0000000008001528                DMA2_Channel6_IRQHandler
                0x0000000008001528                TIM2_IRQHandler
                0x0000000008001528                TIM1_BRK_IRQHandler
                0x0000000008001528                DAC_IRQHandler
                0x0000000008001528                EXTI1_IRQHandler
                0x0000000008001528                AES_IRQHandler
                0x0000000008001528                I2C2_ER_IRQHandler
                0x0000000008001528                DMA1_Channel2_IRQHandler
                0x0000000008001528                FLASH_IRQHandler
                0x0000000008001528                USART1_IRQHandler
                0x0000000008001528                I2C1_ER_IRQHandler
                0x0000000008001528                LPTIM1_IRQHandler
                0x0000000008001528                DMA2_Channel3_IRQHandler
 .text.LL_AHB2_GRP1_EnableClock
                0x000000000800152a       0x30 ./Drivers/BSP/STM32WLxx_Nucleo/stm32wlxx_nucleo_radio.o
 *fill*         0x000000000800155a        0x2 
 .text.BSP_RADIO_Init
                0x000000000800155c       0x7c ./Drivers/BSP/STM32WLxx_Nucleo/stm32wlxx_nucleo_radio.o
                0x000000000800155c                BSP_RADIO_Init
 .text.BSP_RADIO_ConfigRFSwitch
                0x00000000080015d8       0xb8 ./Drivers/BSP/STM32WLxx_Nucleo/stm32wlxx_nucleo_radio.o
                0x00000000080015d8                BSP_RADIO_ConfigRFSwitch
 .text.BSP_RADIO_GetTxConfig
                0x0000000008001690        0xe ./Drivers/BSP/STM32WLxx_Nucleo/stm32wlxx_nucleo_radio.o
                0x0000000008001690                BSP_RADIO_GetTxConfig
 .text.BSP_RADIO_IsTCXO
                0x000000000800169e        0xe ./Drivers/BSP/STM32WLxx_Nucleo/stm32wlxx_nucleo_radio.o
                0x000000000800169e                BSP_RADIO_IsTCXO
 .text.BSP_RADIO_IsDCDC
                0x00000000080016ac        0xe ./Drivers/BSP/STM32WLxx_Nucleo/stm32wlxx_nucleo_radio.o
                0x00000000080016ac                BSP_RADIO_IsDCDC
 .text.BSP_RADIO_GetRFOMaxPowerConfig
                0x00000000080016ba       0x26 ./Drivers/BSP/STM32WLxx_Nucleo/stm32wlxx_nucleo_radio.o
                0x00000000080016ba                BSP_RADIO_GetRFOMaxPowerConfig
 .text.LL_DBGMCU_DisableDBGSleepMode
                0x00000000080016e0       0x1c ./Drivers/STM32WLxx_HAL_Driver/Src/stm32wlxx_hal.o
 .text.LL_DBGMCU_DisableDBGStopMode
                0x00000000080016fc       0x1c ./Drivers/STM32WLxx_HAL_Driver/Src/stm32wlxx_hal.o
 .text.LL_DBGMCU_DisableDBGStandbyMode
                0x0000000008001718       0x1c ./Drivers/STM32WLxx_HAL_Driver/Src/stm32wlxx_hal.o
 .text.HAL_Init
                0x0000000008001734       0x40 ./Drivers/STM32WLxx_HAL_Driver/Src/stm32wlxx_hal.o
                0x0000000008001734                HAL_Init
 .text.HAL_SuspendTick
                0x0000000008001774       0x1c ./Drivers/STM32WLxx_HAL_Driver/Src/stm32wlxx_hal.o
                0x0000000008001774                HAL_SuspendTick
 .text.HAL_ResumeTick
                0x0000000008001790       0x1c ./Drivers/STM32WLxx_HAL_Driver/Src/stm32wlxx_hal.o
                0x0000000008001790                HAL_ResumeTick
 .text.HAL_DBGMCU_DisableDBGSleepMode
                0x00000000080017ac        0xc ./Drivers/STM32WLxx_HAL_Driver/Src/stm32wlxx_hal.o
                0x00000000080017ac                HAL_DBGMCU_DisableDBGSleepMode
 .text.HAL_DBGMCU_DisableDBGStopMode
                0x00000000080017b8        0xc ./Drivers/STM32WLxx_HAL_Driver/Src/stm32wlxx_hal.o
                0x00000000080017b8                HAL_DBGMCU_DisableDBGStopMode
 .text.HAL_DBGMCU_DisableDBGStandbyMode
                0x00000000080017c4        0xc ./Drivers/STM32WLxx_HAL_Driver/Src/stm32wlxx_hal.o
                0x00000000080017c4                HAL_DBGMCU_DisableDBGStandbyMode
 .text.__NVIC_SetPriorityGrouping
                0x00000000080017d0       0x48 ./Drivers/STM32WLxx_HAL_Driver/Src/stm32wlxx_hal_cortex.o
 .text.__NVIC_GetPriorityGrouping
                0x0000000008001818       0x1c ./Drivers/STM32WLxx_HAL_Driver/Src/stm32wlxx_hal_cortex.o
 .text.__NVIC_EnableIRQ
                0x0000000008001834       0x38 ./Drivers/STM32WLxx_HAL_Driver/Src/stm32wlxx_hal_cortex.o
 .text.__NVIC_DisableIRQ
                0x000000000800186c       0x48 ./Drivers/STM32WLxx_HAL_Driver/Src/stm32wlxx_hal_cortex.o
 .text.__NVIC_SetPriority
                0x00000000080018b4       0x54 ./Drivers/STM32WLxx_HAL_Driver/Src/stm32wlxx_hal_cortex.o
 .text.NVIC_EncodePriority
                0x0000000008001908       0x64 ./Drivers/STM32WLxx_HAL_Driver/Src/stm32wlxx_hal_cortex.o
 .text.HAL_NVIC_SetPriorityGrouping
                0x000000000800196c       0x16 ./Drivers/STM32WLxx_HAL_Driver/Src/stm32wlxx_hal_cortex.o
                0x000000000800196c                HAL_NVIC_SetPriorityGrouping
 .text.HAL_NVIC_SetPriority
                0x0000000008001982       0x34 ./Drivers/STM32WLxx_HAL_Driver/Src/stm32wlxx_hal_cortex.o
                0x0000000008001982                HAL_NVIC_SetPriority
 .text.HAL_NVIC_EnableIRQ
                0x00000000080019b6       0x1c ./Drivers/STM32WLxx_HAL_Driver/Src/stm32wlxx_hal_cortex.o
                0x00000000080019b6                HAL_NVIC_EnableIRQ
 .text.HAL_NVIC_DisableIRQ
                0x00000000080019d2       0x1c ./Drivers/STM32WLxx_HAL_Driver/Src/stm32wlxx_hal_cortex.o
                0x00000000080019d2                HAL_NVIC_DisableIRQ
 *fill*         0x00000000080019ee        0x2 
 .text.HAL_DMA_Init
                0x00000000080019f0      0x150 ./Drivers/STM32WLxx_HAL_Driver/Src/stm32wlxx_hal_dma.o
                0x00000000080019f0                HAL_DMA_Init
 .text.HAL_DMA_DeInit
                0x0000000008001b40      0x12c ./Drivers/STM32WLxx_HAL_Driver/Src/stm32wlxx_hal_dma.o
                0x0000000008001b40                HAL_DMA_DeInit
 .text.HAL_DMA_Start_IT
                0x0000000008001c6c       0xfc ./Drivers/STM32WLxx_HAL_Driver/Src/stm32wlxx_hal_dma.o
                0x0000000008001c6c                HAL_DMA_Start_IT
 .text.HAL_DMA_Abort
                0x0000000008001d68       0xbc ./Drivers/STM32WLxx_HAL_Driver/Src/stm32wlxx_hal_dma.o
                0x0000000008001d68                HAL_DMA_Abort
 .text.HAL_DMA_Abort_IT
                0x0000000008001e24       0xbe ./Drivers/STM32WLxx_HAL_Driver/Src/stm32wlxx_hal_dma.o
                0x0000000008001e24                HAL_DMA_Abort_IT
 *fill*         0x0000000008001ee2        0x2 
 .text.HAL_DMA_IRQHandler
                0x0000000008001ee4      0x18c ./Drivers/STM32WLxx_HAL_Driver/Src/stm32wlxx_hal_dma.o
                0x0000000008001ee4                HAL_DMA_IRQHandler
 .text.HAL_DMA_ConfigChannelAttributes
                0x0000000008002070       0x5e ./Drivers/STM32WLxx_HAL_Driver/Src/stm32wlxx_hal_dma.o
                0x0000000008002070                HAL_DMA_ConfigChannelAttributes
 .text.DMA_SetConfig
                0x00000000080020ce       0x7a ./Drivers/STM32WLxx_HAL_Driver/Src/stm32wlxx_hal_dma.o
 .text.DMA_CalcDMAMUXChannelBaseAndMask
                0x0000000008002148       0x90 ./Drivers/STM32WLxx_HAL_Driver/Src/stm32wlxx_hal_dma.o
 .text.DMA_CalcDMAMUXRequestGenBaseAndMask
                0x00000000080021d8       0x48 ./Drivers/STM32WLxx_HAL_Driver/Src/stm32wlxx_hal_dma.o
 .text.HAL_GPIO_Init
                0x0000000008002220      0x2c0 ./Drivers/STM32WLxx_HAL_Driver/Src/stm32wlxx_hal_gpio.o
                0x0000000008002220                HAL_GPIO_Init
 .text.HAL_GPIO_DeInit
                0x00000000080024e0      0x19c ./Drivers/STM32WLxx_HAL_Driver/Src/stm32wlxx_hal_gpio.o
                0x00000000080024e0                HAL_GPIO_DeInit
 .text.HAL_GPIO_WritePin
                0x000000000800267c       0x2e ./Drivers/STM32WLxx_HAL_Driver/Src/stm32wlxx_hal_gpio.o
                0x000000000800267c                HAL_GPIO_WritePin
 .text.HAL_GPIO_TogglePin
                0x00000000080026aa       0x32 ./Drivers/STM32WLxx_HAL_Driver/Src/stm32wlxx_hal_gpio.o
                0x00000000080026aa                HAL_GPIO_TogglePin
 .text.HAL_PWR_EnableBkUpAccess
                0x00000000080026dc       0x1c ./Drivers/STM32WLxx_HAL_Driver/Src/stm32wlxx_hal_pwr.o
                0x00000000080026dc                HAL_PWR_EnableBkUpAccess
 .text.HAL_PWR_EnterSLEEPMode
                0x00000000080026f8       0x68 ./Drivers/STM32WLxx_HAL_Driver/Src/stm32wlxx_hal_pwr.o
                0x00000000080026f8                HAL_PWR_EnterSLEEPMode
 .text.HAL_PWREx_GetVoltageRange
                0x0000000008002760       0x18 ./Drivers/STM32WLxx_HAL_Driver/Src/stm32wlxx_hal_pwr_ex.o
                0x0000000008002760                HAL_PWREx_GetVoltageRange
 .text.HAL_PWREx_EnableLowPowerRunMode
                0x0000000008002778       0x1c ./Drivers/STM32WLxx_HAL_Driver/Src/stm32wlxx_hal_pwr_ex.o
                0x0000000008002778                HAL_PWREx_EnableLowPowerRunMode
 .text.HAL_PWREx_DisableLowPowerRunMode
                0x0000000008002794       0x6c ./Drivers/STM32WLxx_HAL_Driver/Src/stm32wlxx_hal_pwr_ex.o
                0x0000000008002794                HAL_PWREx_DisableLowPowerRunMode
 .text.HAL_PWREx_EnterSTOP2Mode
                0x0000000008002800       0x54 ./Drivers/STM32WLxx_HAL_Driver/Src/stm32wlxx_hal_pwr_ex.o
                0x0000000008002800                HAL_PWREx_EnterSTOP2Mode
 .text.LL_PWR_IsEnabledBkUpAccess
                0x0000000008002854       0x24 ./Drivers/STM32WLxx_HAL_Driver/Src/stm32wlxx_hal_rcc.o
 .text.LL_RCC_HSE_EnableTcxo
                0x0000000008002878       0x1c ./Drivers/STM32WLxx_HAL_Driver/Src/stm32wlxx_hal_rcc.o
 .text.LL_RCC_HSE_DisableTcxo
                0x0000000008002894       0x1c ./Drivers/STM32WLxx_HAL_Driver/Src/stm32wlxx_hal_rcc.o
 .text.LL_RCC_HSE_IsEnabledDiv2
                0x00000000080028b0       0x22 ./Drivers/STM32WLxx_HAL_Driver/Src/stm32wlxx_hal_rcc.o
 .text.LL_RCC_HSE_Enable
                0x00000000080028d2       0x1c ./Drivers/STM32WLxx_HAL_Driver/Src/stm32wlxx_hal_rcc.o
 .text.LL_RCC_HSE_Disable
                0x00000000080028ee       0x1c ./Drivers/STM32WLxx_HAL_Driver/Src/stm32wlxx_hal_rcc.o
 .text.LL_RCC_HSE_IsReady
                0x000000000800290a       0x22 ./Drivers/STM32WLxx_HAL_Driver/Src/stm32wlxx_hal_rcc.o
 .text.LL_RCC_HSI_Enable
                0x000000000800292c       0x1c ./Drivers/STM32WLxx_HAL_Driver/Src/stm32wlxx_hal_rcc.o
 .text.LL_RCC_HSI_Disable
                0x0000000008002948       0x1c ./Drivers/STM32WLxx_HAL_Driver/Src/stm32wlxx_hal_rcc.o
 .text.LL_RCC_HSI_IsReady
                0x0000000008002964       0x22 ./Drivers/STM32WLxx_HAL_Driver/Src/stm32wlxx_hal_rcc.o
 .text.LL_RCC_HSI_SetCalibTrimming
                0x0000000008002986       0x28 ./Drivers/STM32WLxx_HAL_Driver/Src/stm32wlxx_hal_rcc.o
 .text.LL_RCC_LSE_IsReady
                0x00000000080029ae       0x22 ./Drivers/STM32WLxx_HAL_Driver/Src/stm32wlxx_hal_rcc.o
 .text.LL_RCC_LSI_Enable
                0x00000000080029d0       0x20 ./Drivers/STM32WLxx_HAL_Driver/Src/stm32wlxx_hal_rcc.o
 .text.LL_RCC_LSI_Disable
                0x00000000080029f0       0x20 ./Drivers/STM32WLxx_HAL_Driver/Src/stm32wlxx_hal_rcc.o
 .text.LL_RCC_LSI_IsReady
                0x0000000008002a10       0x22 ./Drivers/STM32WLxx_HAL_Driver/Src/stm32wlxx_hal_rcc.o
 .text.LL_RCC_MSI_Enable
                0x0000000008002a32       0x1c ./Drivers/STM32WLxx_HAL_Driver/Src/stm32wlxx_hal_rcc.o
 .text.LL_RCC_MSI_Disable
                0x0000000008002a4e       0x1c ./Drivers/STM32WLxx_HAL_Driver/Src/stm32wlxx_hal_rcc.o
 .text.LL_RCC_MSI_IsReady
                0x0000000008002a6a       0x20 ./Drivers/STM32WLxx_HAL_Driver/Src/stm32wlxx_hal_rcc.o
 .text.LL_RCC_MSI_IsEnabledRangeSelect
                0x0000000008002a8a       0x20 ./Drivers/STM32WLxx_HAL_Driver/Src/stm32wlxx_hal_rcc.o
 .text.LL_RCC_MSI_GetRange
                0x0000000008002aaa       0x16 ./Drivers/STM32WLxx_HAL_Driver/Src/stm32wlxx_hal_rcc.o
 .text.LL_RCC_MSI_GetRangeAfterStandby
                0x0000000008002ac0       0x18 ./Drivers/STM32WLxx_HAL_Driver/Src/stm32wlxx_hal_rcc.o
 .text.LL_RCC_MSI_SetCalibTrimming
                0x0000000008002ad8       0x28 ./Drivers/STM32WLxx_HAL_Driver/Src/stm32wlxx_hal_rcc.o
 .text.LL_RCC_SetSysClkSource
                0x0000000008002b00       0x26 ./Drivers/STM32WLxx_HAL_Driver/Src/stm32wlxx_hal_rcc.o
 .text.LL_RCC_GetSysClkSource
                0x0000000008002b26       0x16 ./Drivers/STM32WLxx_HAL_Driver/Src/stm32wlxx_hal_rcc.o
 .text.LL_RCC_SetAHBPrescaler
                0x0000000008002b3c       0x26 ./Drivers/STM32WLxx_HAL_Driver/Src/stm32wlxx_hal_rcc.o
 .text.LL_C2_RCC_SetAHBPrescaler
                0x0000000008002b62       0x2a ./Drivers/STM32WLxx_HAL_Driver/Src/stm32wlxx_hal_rcc.o
 .text.LL_RCC_SetAHB3Prescaler
                0x0000000008002b8c       0x2c ./Drivers/STM32WLxx_HAL_Driver/Src/stm32wlxx_hal_rcc.o
 .text.LL_RCC_SetAPB1Prescaler
                0x0000000008002bb8       0x26 ./Drivers/STM32WLxx_HAL_Driver/Src/stm32wlxx_hal_rcc.o
 .text.LL_RCC_SetAPB2Prescaler
                0x0000000008002bde       0x26 ./Drivers/STM32WLxx_HAL_Driver/Src/stm32wlxx_hal_rcc.o
 .text.LL_RCC_GetAHBPrescaler
                0x0000000008002c04       0x16 ./Drivers/STM32WLxx_HAL_Driver/Src/stm32wlxx_hal_rcc.o
 .text.LL_RCC_GetAHB3Prescaler
                0x0000000008002c1a       0x1a ./Drivers/STM32WLxx_HAL_Driver/Src/stm32wlxx_hal_rcc.o
 .text.LL_RCC_GetAPB1Prescaler
                0x0000000008002c34       0x16 ./Drivers/STM32WLxx_HAL_Driver/Src/stm32wlxx_hal_rcc.o
 .text.LL_RCC_GetAPB2Prescaler
                0x0000000008002c4a       0x16 ./Drivers/STM32WLxx_HAL_Driver/Src/stm32wlxx_hal_rcc.o
 .text.LL_RCC_PLL_Enable
                0x0000000008002c60       0x1c ./Drivers/STM32WLxx_HAL_Driver/Src/stm32wlxx_hal_rcc.o
 .text.LL_RCC_PLL_Disable
                0x0000000008002c7c       0x1c ./Drivers/STM32WLxx_HAL_Driver/Src/stm32wlxx_hal_rcc.o
 .text.LL_RCC_PLL_IsReady
                0x0000000008002c98       0x22 ./Drivers/STM32WLxx_HAL_Driver/Src/stm32wlxx_hal_rcc.o
 .text.LL_RCC_PLL_GetN
                0x0000000008002cba       0x18 ./Drivers/STM32WLxx_HAL_Driver/Src/stm32wlxx_hal_rcc.o
 .text.LL_RCC_PLL_GetR
                0x0000000008002cd2       0x16 ./Drivers/STM32WLxx_HAL_Driver/Src/stm32wlxx_hal_rcc.o
 .text.LL_RCC_PLL_GetDivider
                0x0000000008002ce8       0x16 ./Drivers/STM32WLxx_HAL_Driver/Src/stm32wlxx_hal_rcc.o
 .text.LL_RCC_PLL_GetMainSource
                0x0000000008002cfe       0x16 ./Drivers/STM32WLxx_HAL_Driver/Src/stm32wlxx_hal_rcc.o
 .text.LL_RCC_IsActiveFlag_HPRE
                0x0000000008002d14       0x22 ./Drivers/STM32WLxx_HAL_Driver/Src/stm32wlxx_hal_rcc.o
 .text.LL_RCC_IsActiveFlag_C2HPRE
                0x0000000008002d36       0x24 ./Drivers/STM32WLxx_HAL_Driver/Src/stm32wlxx_hal_rcc.o
 .text.LL_RCC_IsActiveFlag_SHDHPRE
                0x0000000008002d5a       0x24 ./Drivers/STM32WLxx_HAL_Driver/Src/stm32wlxx_hal_rcc.o
 .text.LL_RCC_IsActiveFlag_PPRE1
                0x0000000008002d7e       0x22 ./Drivers/STM32WLxx_HAL_Driver/Src/stm32wlxx_hal_rcc.o
 .text.LL_RCC_IsActiveFlag_PPRE2
                0x0000000008002da0       0x22 ./Drivers/STM32WLxx_HAL_Driver/Src/stm32wlxx_hal_rcc.o
 *fill*         0x0000000008002dc2        0x2 
 .text.HAL_RCC_OscConfig
                0x0000000008002dc4      0x738 ./Drivers/STM32WLxx_HAL_Driver/Src/stm32wlxx_hal_rcc.o
                0x0000000008002dc4                HAL_RCC_OscConfig
 .text.HAL_RCC_ClockConfig
                0x00000000080034fc      0x284 ./Drivers/STM32WLxx_HAL_Driver/Src/stm32wlxx_hal_rcc.o
                0x00000000080034fc                HAL_RCC_ClockConfig
 .text.HAL_RCC_GetSysClockFreq
                0x0000000008003780      0x140 ./Drivers/STM32WLxx_HAL_Driver/Src/stm32wlxx_hal_rcc.o
                0x0000000008003780                HAL_RCC_GetSysClockFreq
 .text.HAL_RCC_GetHCLKFreq
                0x00000000080038c0       0x28 ./Drivers/STM32WLxx_HAL_Driver/Src/stm32wlxx_hal_rcc.o
                0x00000000080038c0                HAL_RCC_GetHCLKFreq
 .text.HAL_RCC_GetPCLK1Freq
                0x00000000080038e8       0x24 ./Drivers/STM32WLxx_HAL_Driver/Src/stm32wlxx_hal_rcc.o
                0x00000000080038e8                HAL_RCC_GetPCLK1Freq
 .text.HAL_RCC_GetPCLK2Freq
                0x000000000800390c       0x24 ./Drivers/STM32WLxx_HAL_Driver/Src/stm32wlxx_hal_rcc.o
                0x000000000800390c                HAL_RCC_GetPCLK2Freq
 .text.RCC_SetFlashLatencyFromMSIRange
                0x0000000008003930       0x60 ./Drivers/STM32WLxx_HAL_Driver/Src/stm32wlxx_hal_rcc.o
 .text.RCC_SetFlashLatency
                0x0000000008003990      0x104 ./Drivers/STM32WLxx_HAL_Driver/Src/stm32wlxx_hal_rcc.o
 .text.LL_RCC_LSE_IsReady
                0x0000000008003a94       0x22 ./Drivers/STM32WLxx_HAL_Driver/Src/stm32wlxx_hal_rcc_ex.o
 .text.LL_RCC_SetUSARTClockSource
                0x0000000008003ab6       0x30 ./Drivers/STM32WLxx_HAL_Driver/Src/stm32wlxx_hal_rcc_ex.o
 .text.LL_RCC_SetI2SClockSource
                0x0000000008003ae6       0x2a ./Drivers/STM32WLxx_HAL_Driver/Src/stm32wlxx_hal_rcc_ex.o
 .text.LL_RCC_SetLPUARTClockSource
                0x0000000008003b10       0x2a ./Drivers/STM32WLxx_HAL_Driver/Src/stm32wlxx_hal_rcc_ex.o
 .text.LL_RCC_SetI2CClockSource
                0x0000000008003b3a       0x38 ./Drivers/STM32WLxx_HAL_Driver/Src/stm32wlxx_hal_rcc_ex.o
 .text.LL_RCC_SetLPTIMClockSource
                0x0000000008003b72       0x32 ./Drivers/STM32WLxx_HAL_Driver/Src/stm32wlxx_hal_rcc_ex.o
 .text.LL_RCC_SetRNGClockSource
                0x0000000008003ba4       0x2a ./Drivers/STM32WLxx_HAL_Driver/Src/stm32wlxx_hal_rcc_ex.o
 .text.LL_RCC_SetADCClockSource
                0x0000000008003bce       0x2a ./Drivers/STM32WLxx_HAL_Driver/Src/stm32wlxx_hal_rcc_ex.o
 .text.LL_RCC_SetRTCClockSource
                0x0000000008003bf8       0x2a ./Drivers/STM32WLxx_HAL_Driver/Src/stm32wlxx_hal_rcc_ex.o
 .text.LL_RCC_GetRTCClockSource
                0x0000000008003c22       0x18 ./Drivers/STM32WLxx_HAL_Driver/Src/stm32wlxx_hal_rcc_ex.o
 .text.LL_RCC_ForceBackupDomainReset
                0x0000000008003c3a       0x20 ./Drivers/STM32WLxx_HAL_Driver/Src/stm32wlxx_hal_rcc_ex.o
 .text.LL_RCC_ReleaseBackupDomainReset
                0x0000000008003c5a       0x20 ./Drivers/STM32WLxx_HAL_Driver/Src/stm32wlxx_hal_rcc_ex.o
 *fill*         0x0000000008003c7a        0x2 
 .text.HAL_RCCEx_PeriphCLKConfig
                0x0000000008003c7c      0x234 ./Drivers/STM32WLxx_HAL_Driver/Src/stm32wlxx_hal_rcc_ex.o
                0x0000000008003c7c                HAL_RCCEx_PeriphCLKConfig
 .text.HAL_RTC_Init
                0x0000000008003eb0       0xf4 ./Drivers/STM32WLxx_HAL_Driver/Src/stm32wlxx_hal_rtc.o
                0x0000000008003eb0                HAL_RTC_Init
 .text.HAL_RTC_SetAlarm_IT
                0x0000000008003fa4      0x218 ./Drivers/STM32WLxx_HAL_Driver/Src/stm32wlxx_hal_rtc.o
                0x0000000008003fa4                HAL_RTC_SetAlarm_IT
 .text.HAL_RTC_DeactivateAlarm
                0x00000000080041bc       0xb8 ./Drivers/STM32WLxx_HAL_Driver/Src/stm32wlxx_hal_rtc.o
                0x00000000080041bc                HAL_RTC_DeactivateAlarm
 .text.HAL_RTC_AlarmIRQHandler
                0x0000000008004274       0x54 ./Drivers/STM32WLxx_HAL_Driver/Src/stm32wlxx_hal_rtc.o
                0x0000000008004274                HAL_RTC_AlarmIRQHandler
 .text.HAL_RTC_WaitForSynchro
                0x00000000080042c8       0x4c ./Drivers/STM32WLxx_HAL_Driver/Src/stm32wlxx_hal_rtc.o
                0x00000000080042c8                HAL_RTC_WaitForSynchro
 .text.RTC_EnterInitMode
                0x0000000008004314       0x68 ./Drivers/STM32WLxx_HAL_Driver/Src/stm32wlxx_hal_rtc.o
                0x0000000008004314                RTC_EnterInitMode
 .text.RTC_ExitInitMode
                0x000000000800437c       0x7c ./Drivers/STM32WLxx_HAL_Driver/Src/stm32wlxx_hal_rtc.o
                0x000000000800437c                RTC_ExitInitMode
 .text.RTC_ByteToBcd2
                0x00000000080043f8       0x3e ./Drivers/STM32WLxx_HAL_Driver/Src/stm32wlxx_hal_rtc.o
                0x00000000080043f8                RTC_ByteToBcd2
 *fill*         0x0000000008004436        0x2 
 .text.HAL_RTCEx_EnableBypassShadow
                0x0000000008004438       0x64 ./Drivers/STM32WLxx_HAL_Driver/Src/stm32wlxx_hal_rtc_ex.o
                0x0000000008004438                HAL_RTCEx_EnableBypassShadow
 .text.HAL_RTCEx_SetSSRU_IT
                0x000000000800449c       0x78 ./Drivers/STM32WLxx_HAL_Driver/Src/stm32wlxx_hal_rtc_ex.o
                0x000000000800449c                HAL_RTCEx_SetSSRU_IT
 .text.HAL_RTCEx_SSRUIRQHandler
                0x0000000008004514       0x34 ./Drivers/STM32WLxx_HAL_Driver/Src/stm32wlxx_hal_rtc_ex.o
                0x0000000008004514                HAL_RTCEx_SSRUIRQHandler
 .text.HAL_RTCEx_AlarmBEventCallback
                0x0000000008004548       0x12 ./Drivers/STM32WLxx_HAL_Driver/Src/stm32wlxx_hal_rtc_ex.o
                0x0000000008004548                HAL_RTCEx_AlarmBEventCallback
 *fill*         0x000000000800455a        0x2 
 .text.HAL_RTCEx_BKUPWrite
                0x000000000800455c       0x30 ./Drivers/STM32WLxx_HAL_Driver/Src/stm32wlxx_hal_rtc_ex.o
                0x000000000800455c                HAL_RTCEx_BKUPWrite
 .text.HAL_RTCEx_BKUPRead
                0x000000000800458c       0x2c ./Drivers/STM32WLxx_HAL_Driver/Src/stm32wlxx_hal_rtc_ex.o
                0x000000000800458c                HAL_RTCEx_BKUPRead
 .text.LL_PWR_SetRadioBusyTrigger
                0x00000000080045b8       0x28 ./Drivers/STM32WLxx_HAL_Driver/Src/stm32wlxx_hal_subghz.o
 .text.LL_PWR_UnselectSUBGHZSPI_NSS
                0x00000000080045e0       0x20 ./Drivers/STM32WLxx_HAL_Driver/Src/stm32wlxx_hal_subghz.o
 .text.LL_PWR_SelectSUBGHZSPI_NSS
                0x0000000008004600       0x20 ./Drivers/STM32WLxx_HAL_Driver/Src/stm32wlxx_hal_subghz.o
 .text.LL_PWR_ClearFlag_RFBUSY
                0x0000000008004620       0x18 ./Drivers/STM32WLxx_HAL_Driver/Src/stm32wlxx_hal_subghz.o
 .text.LL_PWR_IsActiveFlag_RFBUSYS
                0x0000000008004638       0x24 ./Drivers/STM32WLxx_HAL_Driver/Src/stm32wlxx_hal_subghz.o
 .text.LL_PWR_IsActiveFlag_RFBUSYMS
                0x000000000800465c       0x24 ./Drivers/STM32WLxx_HAL_Driver/Src/stm32wlxx_hal_subghz.o
 .text.LL_RCC_RF_DisableReset
                0x0000000008004680       0x20 ./Drivers/STM32WLxx_HAL_Driver/Src/stm32wlxx_hal_subghz.o
 .text.LL_RCC_IsRFUnderReset
                0x00000000080046a0       0x24 ./Drivers/STM32WLxx_HAL_Driver/Src/stm32wlxx_hal_subghz.o
 .text.LL_EXTI_EnableIT_32_63
                0x00000000080046c4       0x28 ./Drivers/STM32WLxx_HAL_Driver/Src/stm32wlxx_hal_subghz.o
 .text.HAL_SUBGHZ_Init
                0x00000000080046ec       0xbc ./Drivers/STM32WLxx_HAL_Driver/Src/stm32wlxx_hal_subghz.o
                0x00000000080046ec                HAL_SUBGHZ_Init
 .text.HAL_SUBGHZ_WriteRegisters
                0x00000000080047a8       0xbe ./Drivers/STM32WLxx_HAL_Driver/Src/stm32wlxx_hal_subghz.o
                0x00000000080047a8                HAL_SUBGHZ_WriteRegisters
 .text.HAL_SUBGHZ_ReadRegisters
                0x0000000008004866       0xc2 ./Drivers/STM32WLxx_HAL_Driver/Src/stm32wlxx_hal_subghz.o
                0x0000000008004866                HAL_SUBGHZ_ReadRegisters
 .text.HAL_SUBGHZ_ExecSetCmd
                0x0000000008004928       0xbe ./Drivers/STM32WLxx_HAL_Driver/Src/stm32wlxx_hal_subghz.o
                0x0000000008004928                HAL_SUBGHZ_ExecSetCmd
 .text.HAL_SUBGHZ_ExecGetCmd
                0x00000000080049e6       0xa8 ./Drivers/STM32WLxx_HAL_Driver/Src/stm32wlxx_hal_subghz.o
                0x00000000080049e6                HAL_SUBGHZ_ExecGetCmd
 .text.HAL_SUBGHZ_WriteBuffer
                0x0000000008004a8e       0xa6 ./Drivers/STM32WLxx_HAL_Driver/Src/stm32wlxx_hal_subghz.o
                0x0000000008004a8e                HAL_SUBGHZ_WriteBuffer
 .text.HAL_SUBGHZ_ReadBuffer
                0x0000000008004b34       0xb0 ./Drivers/STM32WLxx_HAL_Driver/Src/stm32wlxx_hal_subghz.o
                0x0000000008004b34                HAL_SUBGHZ_ReadBuffer
 .text.HAL_SUBGHZ_IRQHandler
                0x0000000008004be4       0xfc ./Drivers/STM32WLxx_HAL_Driver/Src/stm32wlxx_hal_subghz.o
                0x0000000008004be4                HAL_SUBGHZ_IRQHandler
 .text.SUBGHZSPI_Init
                0x0000000008004ce0       0x40 ./Drivers/STM32WLxx_HAL_Driver/Src/stm32wlxx_hal_subghz.o
                0x0000000008004ce0                SUBGHZSPI_Init
 .text.SUBGHZSPI_Transmit
                0x0000000008004d20       0xac ./Drivers/STM32WLxx_HAL_Driver/Src/stm32wlxx_hal_subghz.o
                0x0000000008004d20                SUBGHZSPI_Transmit
 .text.SUBGHZSPI_Receive
                0x0000000008004dcc       0xb0 ./Drivers/STM32WLxx_HAL_Driver/Src/stm32wlxx_hal_subghz.o
                0x0000000008004dcc                SUBGHZSPI_Receive
 .text.SUBGHZ_CheckDeviceReady
                0x0000000008004e7c       0x48 ./Drivers/STM32WLxx_HAL_Driver/Src/stm32wlxx_hal_subghz.o
                0x0000000008004e7c                SUBGHZ_CheckDeviceReady
 .text.SUBGHZ_WaitOnBusy
                0x0000000008004ec4       0x5c ./Drivers/STM32WLxx_HAL_Driver/Src/stm32wlxx_hal_subghz.o
                0x0000000008004ec4                SUBGHZ_WaitOnBusy
 .text.LL_RCC_GetUSARTClockSource
                0x0000000008004f20       0x24 ./Drivers/STM32WLxx_HAL_Driver/Src/stm32wlxx_hal_uart.o
 .text.LL_RCC_GetLPUARTClockSource
                0x0000000008004f44       0x1e ./Drivers/STM32WLxx_HAL_Driver/Src/stm32wlxx_hal_uart.o
 .text.HAL_UART_Init
                0x0000000008004f62       0xa0 ./Drivers/STM32WLxx_HAL_Driver/Src/stm32wlxx_hal_uart.o
                0x0000000008004f62                HAL_UART_Init
 *fill*         0x0000000008005002        0x2 
 .text.HAL_UART_Receive_IT
                0x0000000008005004       0xac ./Drivers/STM32WLxx_HAL_Driver/Src/stm32wlxx_hal_uart.o
                0x0000000008005004                HAL_UART_Receive_IT
 .text.HAL_UART_Transmit_DMA
                0x00000000080050b0      0x124 ./Drivers/STM32WLxx_HAL_Driver/Src/stm32wlxx_hal_uart.o
                0x00000000080050b0                HAL_UART_Transmit_DMA
 .text.HAL_UART_IRQHandler
                0x00000000080051d4      0x630 ./Drivers/STM32WLxx_HAL_Driver/Src/stm32wlxx_hal_uart.o
                0x00000000080051d4                HAL_UART_IRQHandler
 .text.HAL_UART_TxHalfCpltCallback
                0x0000000008005804       0x12 ./Drivers/STM32WLxx_HAL_Driver/Src/stm32wlxx_hal_uart.o
                0x0000000008005804                HAL_UART_TxHalfCpltCallback
 .text.HAL_UART_ErrorCallback
                0x0000000008005816       0x12 ./Drivers/STM32WLxx_HAL_Driver/Src/stm32wlxx_hal_uart.o
                0x0000000008005816                HAL_UART_ErrorCallback
 .text.HAL_UARTEx_RxEventCallback
                0x0000000008005828       0x16 ./Drivers/STM32WLxx_HAL_Driver/Src/stm32wlxx_hal_uart.o
                0x0000000008005828                HAL_UARTEx_RxEventCallback
 *fill*         0x000000000800583e        0x2 
 .text.UART_SetConfig
                0x0000000008005840      0x4e8 ./Drivers/STM32WLxx_HAL_Driver/Src/stm32wlxx_hal_uart.o
                0x0000000008005840                UART_SetConfig
 .text.UART_AdvFeatureConfig
                0x0000000008005d28      0x142 ./Drivers/STM32WLxx_HAL_Driver/Src/stm32wlxx_hal_uart.o
                0x0000000008005d28                UART_AdvFeatureConfig
 .text.UART_CheckIdleState
                0x0000000008005e6a       0x96 ./Drivers/STM32WLxx_HAL_Driver/Src/stm32wlxx_hal_uart.o
                0x0000000008005e6a                UART_CheckIdleState
 .text.UART_WaitOnFlagUntilTimeout
                0x0000000008005f00      0x190 ./Drivers/STM32WLxx_HAL_Driver/Src/stm32wlxx_hal_uart.o
                0x0000000008005f00                UART_WaitOnFlagUntilTimeout
 .text.UART_Start_Receive_IT
                0x0000000008006090      0x250 ./Drivers/STM32WLxx_HAL_Driver/Src/stm32wlxx_hal_uart.o
                0x0000000008006090                UART_Start_Receive_IT
 .text.UART_EndTxTransfer
                0x00000000080062e0       0x80 ./Drivers/STM32WLxx_HAL_Driver/Src/stm32wlxx_hal_uart.o
 .text.UART_EndRxTransfer
                0x0000000008006360       0xca ./Drivers/STM32WLxx_HAL_Driver/Src/stm32wlxx_hal_uart.o
 .text.UART_DMATransmitCplt
                0x000000000800642a       0x9a ./Drivers/STM32WLxx_HAL_Driver/Src/stm32wlxx_hal_uart.o
 .text.UART_DMATxHalfCplt
                0x00000000080064c4       0x1c ./Drivers/STM32WLxx_HAL_Driver/Src/stm32wlxx_hal_uart.o
 .text.UART_DMAError
                0x00000000080064e0       0x80 ./Drivers/STM32WLxx_HAL_Driver/Src/stm32wlxx_hal_uart.o
 .text.UART_DMAAbortOnError
                0x0000000008006560       0x2c ./Drivers/STM32WLxx_HAL_Driver/Src/stm32wlxx_hal_uart.o
 .text.UART_EndTransmit_IT
                0x000000000800658c       0x56 ./Drivers/STM32WLxx_HAL_Driver/Src/stm32wlxx_hal_uart.o
 .text.UART_RxISR_8BIT
                0x00000000080065e2      0x160 ./Drivers/STM32WLxx_HAL_Driver/Src/stm32wlxx_hal_uart.o
 .text.UART_RxISR_16BIT
                0x0000000008006742      0x160 ./Drivers/STM32WLxx_HAL_Driver/Src/stm32wlxx_hal_uart.o
 *fill*         0x00000000080068a2        0x2 
 .text.UART_RxISR_8BIT_FIFOEN
                0x00000000080068a4      0x2f8 ./Drivers/STM32WLxx_HAL_Driver/Src/stm32wlxx_hal_uart.o
 .text.UART_RxISR_16BIT_FIFOEN
                0x0000000008006b9c      0x300 ./Drivers/STM32WLxx_HAL_Driver/Src/stm32wlxx_hal_uart.o
 .text.HAL_UARTEx_WakeupCallback
                0x0000000008006e9c       0x12 ./Drivers/STM32WLxx_HAL_Driver/Src/stm32wlxx_hal_uart_ex.o
                0x0000000008006e9c                HAL_UARTEx_WakeupCallback
 .text.HAL_UARTEx_RxFifoFullCallback
                0x0000000008006eae       0x12 ./Drivers/STM32WLxx_HAL_Driver/Src/stm32wlxx_hal_uart_ex.o
                0x0000000008006eae                HAL_UARTEx_RxFifoFullCallback
 .text.HAL_UARTEx_TxFifoEmptyCallback
                0x0000000008006ec0       0x12 ./Drivers/STM32WLxx_HAL_Driver/Src/stm32wlxx_hal_uart_ex.o
                0x0000000008006ec0                HAL_UARTEx_TxFifoEmptyCallback
 .text.HAL_UARTEx_StopModeWakeUpSourceConfig
                0x0000000008006ed2       0xb6 ./Drivers/STM32WLxx_HAL_Driver/Src/stm32wlxx_hal_uart_ex.o
                0x0000000008006ed2                HAL_UARTEx_StopModeWakeUpSourceConfig
 .text.HAL_UARTEx_EnableStopMode
                0x0000000008006f88       0x64 ./Drivers/STM32WLxx_HAL_Driver/Src/stm32wlxx_hal_uart_ex.o
                0x0000000008006f88                HAL_UARTEx_EnableStopMode
 .text.HAL_UARTEx_EnableFifoMode
                0x0000000008006fec       0x76 ./Drivers/STM32WLxx_HAL_Driver/Src/stm32wlxx_hal_uart_ex.o
                0x0000000008006fec                HAL_UARTEx_EnableFifoMode
 .text.HAL_UARTEx_SetTxFifoThreshold
                0x0000000008007062       0x7c ./Drivers/STM32WLxx_HAL_Driver/Src/stm32wlxx_hal_uart_ex.o
                0x0000000008007062                HAL_UARTEx_SetTxFifoThreshold
 .text.HAL_UARTEx_SetRxFifoThreshold
                0x00000000080070de       0x7c ./Drivers/STM32WLxx_HAL_Driver/Src/stm32wlxx_hal_uart_ex.o
                0x00000000080070de                HAL_UARTEx_SetRxFifoThreshold
 .text.UARTEx_Wakeup_AddressConfig
                0x000000000800715a       0x44 ./Drivers/STM32WLxx_HAL_Driver/Src/stm32wlxx_hal_uart_ex.o
 *fill*         0x000000000800719e        0x2 
 .text.UARTEx_SetNbDataToProcess
                0x00000000080071a0       0x98 ./Drivers/STM32WLxx_HAL_Driver/Src/stm32wlxx_hal_uart_ex.o
 .text.RadioInit
                0x0000000008007238       0xb8 ./Middlewares/Third_Party/SubGHz_Phy/stm32_radio_driver/radio.o
 .text.RadioGetStatus
                0x00000000080072f0       0x2e ./Middlewares/Third_Party/SubGHz_Phy/stm32_radio_driver/radio.o
 *fill*         0x000000000800731e        0x2 
 .text.RadioSetModem
                0x0000000008007320       0xb8 ./Middlewares/Third_Party/SubGHz_Phy/stm32_radio_driver/radio.o
 .text.RadioSetChannel
                0x00000000080073d8       0x16 ./Middlewares/Third_Party/SubGHz_Phy/stm32_radio_driver/radio.o
 .text.RadioIsChannelFree
                0x00000000080073ee       0xb4 ./Middlewares/Third_Party/SubGHz_Phy/stm32_radio_driver/radio.o
 .text.RadioRandom
                0x00000000080074a2       0x26 ./Middlewares/Third_Party/SubGHz_Phy/stm32_radio_driver/radio.o
 .text.RadioSetRxConfig
                0x00000000080074c8      0x400 ./Middlewares/Third_Party/SubGHz_Phy/stm32_radio_driver/radio.o
 .text.RadioSetTxConfig
                0x00000000080078c8      0x218 ./Middlewares/Third_Party/SubGHz_Phy/stm32_radio_driver/radio.o
 .text.RadioCheckRfFrequency
                0x0000000008007ae0       0x14 ./Middlewares/Third_Party/SubGHz_Phy/stm32_radio_driver/radio.o
 .text.RadioGetLoRaBandwidthInHz
                0x0000000008007af4       0xac ./Middlewares/Third_Party/SubGHz_Phy/stm32_radio_driver/radio.o
 .text.RadioGetGfskTimeOnAirNumerator
                0x0000000008007ba0       0x54 ./Middlewares/Third_Party/SubGHz_Phy/stm32_radio_driver/radio.o
 .text.RadioGetLoRaTimeOnAirNumerator
                0x0000000008007bf4      0x102 ./Middlewares/Third_Party/SubGHz_Phy/stm32_radio_driver/radio.o
 *fill*         0x0000000008007cf6        0x2 
 .text.RadioTimeOnAir
                0x0000000008007cf8       0xb0 ./Middlewares/Third_Party/SubGHz_Phy/stm32_radio_driver/radio.o
 .text.RadioSend
                0x0000000008007da8      0x1f8 ./Middlewares/Third_Party/SubGHz_Phy/stm32_radio_driver/radio.o
 .text.RadioSleep
                0x0000000008007fa0       0x26 ./Middlewares/Third_Party/SubGHz_Phy/stm32_radio_driver/radio.o
 .text.RadioStandby
                0x0000000008007fc6        0xe ./Middlewares/Third_Party/SubGHz_Phy/stm32_radio_driver/radio.o
 .text.RadioRx  0x0000000008007fd4       0x80 ./Middlewares/Third_Party/SubGHz_Phy/stm32_radio_driver/radio.o
 .text.RadioRxBoosted
                0x0000000008008054       0x80 ./Middlewares/Third_Party/SubGHz_Phy/stm32_radio_driver/radio.o
 .text.RadioSetRxDutyCycle
                0x00000000080080d4       0x48 ./Middlewares/Third_Party/SubGHz_Phy/stm32_radio_driver/radio.o
 .text.RadioStartCad
                0x000000000800811c       0x30 ./Middlewares/Third_Party/SubGHz_Phy/stm32_radio_driver/radio.o
 .text.RadioSetTxContinuousWave
                0x000000000800814c       0x58 ./Middlewares/Third_Party/SubGHz_Phy/stm32_radio_driver/radio.o
 .text.RadioRssi
                0x00000000080081a4       0x1a ./Middlewares/Third_Party/SubGHz_Phy/stm32_radio_driver/radio.o
 .text.RadioWrite
                0x00000000080081be       0x24 ./Middlewares/Third_Party/SubGHz_Phy/stm32_radio_driver/radio.o
 .text.RadioRead
                0x00000000080081e2       0x1c ./Middlewares/Third_Party/SubGHz_Phy/stm32_radio_driver/radio.o
 .text.RadioWriteRegisters
                0x00000000080081fe       0x26 ./Middlewares/Third_Party/SubGHz_Phy/stm32_radio_driver/radio.o
 .text.RadioReadRegisters
                0x0000000008008224       0x26 ./Middlewares/Third_Party/SubGHz_Phy/stm32_radio_driver/radio.o
 *fill*         0x000000000800824a        0x2 
 .text.RadioSetMaxPayloadLength
                0x000000000800824c       0x5c ./Middlewares/Third_Party/SubGHz_Phy/stm32_radio_driver/radio.o
 .text.RadioSetPublicNetwork
                0x00000000080082a8       0x5c ./Middlewares/Third_Party/SubGHz_Phy/stm32_radio_driver/radio.o
 .text.RadioGetWakeupTime
                0x0000000008008304       0x10 ./Middlewares/Third_Party/SubGHz_Phy/stm32_radio_driver/radio.o
 .text.RadioOnTxTimeoutIrq
                0x0000000008008314       0x14 ./Middlewares/Third_Party/SubGHz_Phy/stm32_radio_driver/radio.o
 .text.RadioOnRxTimeoutIrq
                0x0000000008008328       0x14 ./Middlewares/Third_Party/SubGHz_Phy/stm32_radio_driver/radio.o
 .text.RadioOnTxTimeoutProcess
                0x000000000800833c       0x28 ./Middlewares/Third_Party/SubGHz_Phy/stm32_radio_driver/radio.o
 .text.RadioOnRxTimeoutProcess
                0x0000000008008364       0x28 ./Middlewares/Third_Party/SubGHz_Phy/stm32_radio_driver/radio.o
 .text.RadioOnDioIrq
                0x000000000800838c       0x24 ./Middlewares/Third_Party/SubGHz_Phy/stm32_radio_driver/radio.o
 .text.RadioIrqProcess
                0x00000000080083b0      0x448 ./Middlewares/Third_Party/SubGHz_Phy/stm32_radio_driver/radio.o
 .text.RadioTxPrbs
                0x00000000080087f8       0x38 ./Middlewares/Third_Party/SubGHz_Phy/stm32_radio_driver/radio.o
 .text.RadioTxCw
                0x0000000008008830       0x2e ./Middlewares/Third_Party/SubGHz_Phy/stm32_radio_driver/radio.o
 .text.payload_integration
                0x000000000800885e      0x120 ./Middlewares/Third_Party/SubGHz_Phy/stm32_radio_driver/radio.o
 *fill*         0x000000000800897e        0x2 
 .text.RadioSetRxGenericConfig
                0x0000000008008980      0x388 ./Middlewares/Third_Party/SubGHz_Phy/stm32_radio_driver/radio.o
 .text.RadioSetTxGenericConfig
                0x0000000008008d08      0x46c ./Middlewares/Third_Party/SubGHz_Phy/stm32_radio_driver/radio.o
 .text.SUBGRF_Init
                0x0000000008009174       0x84 ./Middlewares/Third_Party/SubGHz_Phy/stm32_radio_driver/radio_driver.o
                0x0000000008009174                SUBGRF_Init
 .text.SUBGRF_GetOperatingMode
                0x00000000080091f8       0x14 ./Middlewares/Third_Party/SubGHz_Phy/stm32_radio_driver/radio_driver.o
                0x00000000080091f8                SUBGRF_GetOperatingMode
 .text.SUBGRF_SetPayload
                0x000000000800920c       0x20 ./Middlewares/Third_Party/SubGHz_Phy/stm32_radio_driver/radio_driver.o
                0x000000000800920c                SUBGRF_SetPayload
 .text.SUBGRF_GetPayload
                0x000000000800922c       0x44 ./Middlewares/Third_Party/SubGHz_Phy/stm32_radio_driver/radio_driver.o
                0x000000000800922c                SUBGRF_GetPayload
 .text.SUBGRF_SendPayload
                0x0000000008009270       0x26 ./Middlewares/Third_Party/SubGHz_Phy/stm32_radio_driver/radio_driver.o
                0x0000000008009270                SUBGRF_SendPayload
 .text.SUBGRF_SetSyncWord
                0x0000000008009296       0x1e ./Middlewares/Third_Party/SubGHz_Phy/stm32_radio_driver/radio_driver.o
                0x0000000008009296                SUBGRF_SetSyncWord
 .text.SUBGRF_SetCrcSeed
                0x00000000080092b4       0x40 ./Middlewares/Third_Party/SubGHz_Phy/stm32_radio_driver/radio_driver.o
                0x00000000080092b4                SUBGRF_SetCrcSeed
 .text.SUBGRF_SetCrcPolynomial
                0x00000000080092f4       0x40 ./Middlewares/Third_Party/SubGHz_Phy/stm32_radio_driver/radio_driver.o
                0x00000000080092f4                SUBGRF_SetCrcPolynomial
 .text.SUBGRF_SetWhiteningSeed
                0x0000000008009334       0x66 ./Middlewares/Third_Party/SubGHz_Phy/stm32_radio_driver/radio_driver.o
                0x0000000008009334                SUBGRF_SetWhiteningSeed
 .text.SUBGRF_GetRandom
                0x000000000800939a       0x8c ./Middlewares/Third_Party/SubGHz_Phy/stm32_radio_driver/radio_driver.o
                0x000000000800939a                SUBGRF_GetRandom
 *fill*         0x0000000008009426        0x2 
 .text.SUBGRF_SetSleep
                0x0000000008009428       0x64 ./Middlewares/Third_Party/SubGHz_Phy/stm32_radio_driver/radio_driver.o
                0x0000000008009428                SUBGRF_SetSleep
 .text.SUBGRF_SetStandby
                0x000000000800948c       0x38 ./Middlewares/Third_Party/SubGHz_Phy/stm32_radio_driver/radio_driver.o
                0x000000000800948c                SUBGRF_SetStandby
 .text.SUBGRF_SetTx
                0x00000000080094c4       0x40 ./Middlewares/Third_Party/SubGHz_Phy/stm32_radio_driver/radio_driver.o
                0x00000000080094c4                SUBGRF_SetTx
 .text.SUBGRF_SetRx
                0x0000000008009504       0x40 ./Middlewares/Third_Party/SubGHz_Phy/stm32_radio_driver/radio_driver.o
                0x0000000008009504                SUBGRF_SetRx
 .text.SUBGRF_SetRxBoosted
                0x0000000008009544       0x48 ./Middlewares/Third_Party/SubGHz_Phy/stm32_radio_driver/radio_driver.o
                0x0000000008009544                SUBGRF_SetRxBoosted
 .text.SUBGRF_SetRxDutyCycle
                0x000000000800958c       0x58 ./Middlewares/Third_Party/SubGHz_Phy/stm32_radio_driver/radio_driver.o
                0x000000000800958c                SUBGRF_SetRxDutyCycle
 .text.SUBGRF_SetCad
                0x00000000080095e4       0x1c ./Middlewares/Third_Party/SubGHz_Phy/stm32_radio_driver/radio_driver.o
                0x00000000080095e4                SUBGRF_SetCad
 .text.SUBGRF_SetTxContinuousWave
                0x0000000008009600       0x12 ./Middlewares/Third_Party/SubGHz_Phy/stm32_radio_driver/radio_driver.o
                0x0000000008009600                SUBGRF_SetTxContinuousWave
 .text.SUBGRF_SetTxInfinitePreamble
                0x0000000008009612       0x12 ./Middlewares/Third_Party/SubGHz_Phy/stm32_radio_driver/radio_driver.o
                0x0000000008009612                SUBGRF_SetTxInfinitePreamble
 .text.SUBGRF_SetStopRxTimerOnPreambleDetect
                0x0000000008009624       0x1e ./Middlewares/Third_Party/SubGHz_Phy/stm32_radio_driver/radio_driver.o
                0x0000000008009624                SUBGRF_SetStopRxTimerOnPreambleDetect
 .text.SUBGRF_SetLoRaSymbNumTimeout
                0x0000000008009642       0x5e ./Middlewares/Third_Party/SubGHz_Phy/stm32_radio_driver/radio_driver.o
                0x0000000008009642                SUBGRF_SetLoRaSymbNumTimeout
 .text.SUBGRF_SetRegulatorMode
                0x00000000080096a0       0x2e ./Middlewares/Third_Party/SubGHz_Phy/stm32_radio_driver/radio_driver.o
                0x00000000080096a0                SUBGRF_SetRegulatorMode
 .text.SUBGRF_Calibrate
                0x00000000080096ce       0x8c ./Middlewares/Third_Party/SubGHz_Phy/stm32_radio_driver/radio_driver.o
                0x00000000080096ce                SUBGRF_Calibrate
 *fill*         0x000000000800975a        0x2 
 .text.SUBGRF_CalibrateImage
                0x000000000800975c       0x8c ./Middlewares/Third_Party/SubGHz_Phy/stm32_radio_driver/radio_driver.o
                0x000000000800975c                SUBGRF_CalibrateImage
 .text.SUBGRF_SetPaConfig
                0x00000000080097e8       0x44 ./Middlewares/Third_Party/SubGHz_Phy/stm32_radio_driver/radio_driver.o
                0x00000000080097e8                SUBGRF_SetPaConfig
 .text.SUBGRF_SetDioIrqParams
                0x000000000800982c       0x74 ./Middlewares/Third_Party/SubGHz_Phy/stm32_radio_driver/radio_driver.o
                0x000000000800982c                SUBGRF_SetDioIrqParams
 .text.SUBGRF_SetTcxoMode
                0x00000000080098a0       0x42 ./Middlewares/Third_Party/SubGHz_Phy/stm32_radio_driver/radio_driver.o
                0x00000000080098a0                SUBGRF_SetTcxoMode
 *fill*         0x00000000080098e2        0x2 
 .text.SUBGRF_SetRfFrequency
                0x00000000080098e4       0x8c ./Middlewares/Third_Party/SubGHz_Phy/stm32_radio_driver/radio_driver.o
                0x00000000080098e4                SUBGRF_SetRfFrequency
 .text.SUBGRF_SetPacketType
                0x0000000008009970       0x38 ./Middlewares/Third_Party/SubGHz_Phy/stm32_radio_driver/radio_driver.o
                0x0000000008009970                SUBGRF_SetPacketType
 .text.SUBGRF_GetPacketType
                0x00000000080099a8       0x14 ./Middlewares/Third_Party/SubGHz_Phy/stm32_radio_driver/radio_driver.o
                0x00000000080099a8                SUBGRF_GetPacketType
 .text.SUBGRF_SetTxParams
                0x00000000080099bc      0x19a ./Middlewares/Third_Party/SubGHz_Phy/stm32_radio_driver/radio_driver.o
                0x00000000080099bc                SUBGRF_SetTxParams
 *fill*         0x0000000008009b56        0x2 
 .text.SUBGRF_SetModulationParams
                0x0000000008009b58      0x1a4 ./Middlewares/Third_Party/SubGHz_Phy/stm32_radio_driver/radio_driver.o
                0x0000000008009b58                SUBGRF_SetModulationParams
 .text.SUBGRF_SetPacketParams
                0x0000000008009cfc      0x13c ./Middlewares/Third_Party/SubGHz_Phy/stm32_radio_driver/radio_driver.o
                0x0000000008009cfc                SUBGRF_SetPacketParams
 .text.SUBGRF_SetBufferBaseAddress
                0x0000000008009e38       0x2e ./Middlewares/Third_Party/SubGHz_Phy/stm32_radio_driver/radio_driver.o
                0x0000000008009e38                SUBGRF_SetBufferBaseAddress
 .text.SUBGRF_GetRssiInst
                0x0000000008009e66       0x2a ./Middlewares/Third_Party/SubGHz_Phy/stm32_radio_driver/radio_driver.o
                0x0000000008009e66                SUBGRF_GetRssiInst
 .text.SUBGRF_GetRxBufferStatus
                0x0000000008009e90       0x58 ./Middlewares/Third_Party/SubGHz_Phy/stm32_radio_driver/radio_driver.o
                0x0000000008009e90                SUBGRF_GetRxBufferStatus
 .text.SUBGRF_GetPacketStatus
                0x0000000008009ee8       0xa4 ./Middlewares/Third_Party/SubGHz_Phy/stm32_radio_driver/radio_driver.o
                0x0000000008009ee8                SUBGRF_GetPacketStatus
 .text.SUBGRF_WriteRegister
                0x0000000008009f8c       0x28 ./Middlewares/Third_Party/SubGHz_Phy/stm32_radio_driver/radio_driver.o
                0x0000000008009f8c                SUBGRF_WriteRegister
 .text.SUBGRF_ReadRegister
                0x0000000008009fb4       0x28 ./Middlewares/Third_Party/SubGHz_Phy/stm32_radio_driver/radio_driver.o
                0x0000000008009fb4                SUBGRF_ReadRegister
 .text.SUBGRF_WriteRegisters
                0x0000000008009fdc       0x44 ./Middlewares/Third_Party/SubGHz_Phy/stm32_radio_driver/radio_driver.o
                0x0000000008009fdc                SUBGRF_WriteRegisters
 .text.SUBGRF_ReadRegisters
                0x000000000800a020       0x44 ./Middlewares/Third_Party/SubGHz_Phy/stm32_radio_driver/radio_driver.o
                0x000000000800a020                SUBGRF_ReadRegisters
 .text.SUBGRF_WriteBuffer
                0x000000000800a064       0x44 ./Middlewares/Third_Party/SubGHz_Phy/stm32_radio_driver/radio_driver.o
                0x000000000800a064                SUBGRF_WriteBuffer
 .text.SUBGRF_ReadBuffer
                0x000000000800a0a8       0x44 ./Middlewares/Third_Party/SubGHz_Phy/stm32_radio_driver/radio_driver.o
                0x000000000800a0a8                SUBGRF_ReadBuffer
 .text.SUBGRF_WriteCommand
                0x000000000800a0ec       0x44 ./Middlewares/Third_Party/SubGHz_Phy/stm32_radio_driver/radio_driver.o
 .text.SUBGRF_ReadCommand
                0x000000000800a130       0x44 ./Middlewares/Third_Party/SubGHz_Phy/stm32_radio_driver/radio_driver.o
 .text.SUBGRF_SetSwitch
                0x000000000800a174       0x50 ./Middlewares/Third_Party/SubGHz_Phy/stm32_radio_driver/radio_driver.o
                0x000000000800a174                SUBGRF_SetSwitch
 .text.SUBGRF_SetRfTxPower
                0x000000000800a1c4       0x68 ./Middlewares/Third_Party/SubGHz_Phy/stm32_radio_driver/radio_driver.o
                0x000000000800a1c4                SUBGRF_SetRfTxPower
 .text.SUBGRF_GetRadioWakeUpTime
                0x000000000800a22c        0xe ./Middlewares/Third_Party/SubGHz_Phy/stm32_radio_driver/radio_driver.o
                0x000000000800a22c                SUBGRF_GetRadioWakeUpTime
 *fill*         0x000000000800a23a        0x2 
 .text.HAL_SUBGHZ_TxCpltCallback
                0x000000000800a23c       0x1c ./Middlewares/Third_Party/SubGHz_Phy/stm32_radio_driver/radio_driver.o
                0x000000000800a23c                HAL_SUBGHZ_TxCpltCallback
 .text.HAL_SUBGHZ_RxCpltCallback
                0x000000000800a258       0x1c ./Middlewares/Third_Party/SubGHz_Phy/stm32_radio_driver/radio_driver.o
                0x000000000800a258                HAL_SUBGHZ_RxCpltCallback
 .text.HAL_SUBGHZ_CRCErrorCallback
                0x000000000800a274       0x1c ./Middlewares/Third_Party/SubGHz_Phy/stm32_radio_driver/radio_driver.o
                0x000000000800a274                HAL_SUBGHZ_CRCErrorCallback
 .text.HAL_SUBGHZ_CADStatusCallback
                0x000000000800a290       0x3c ./Middlewares/Third_Party/SubGHz_Phy/stm32_radio_driver/radio_driver.o
                0x000000000800a290                HAL_SUBGHZ_CADStatusCallback
 .text.HAL_SUBGHZ_RxTxTimeoutCallback
                0x000000000800a2cc       0x20 ./Middlewares/Third_Party/SubGHz_Phy/stm32_radio_driver/radio_driver.o
                0x000000000800a2cc                HAL_SUBGHZ_RxTxTimeoutCallback
 .text.HAL_SUBGHZ_HeaderErrorCallback
                0x000000000800a2ec       0x1c ./Middlewares/Third_Party/SubGHz_Phy/stm32_radio_driver/radio_driver.o
                0x000000000800a2ec                HAL_SUBGHZ_HeaderErrorCallback
 .text.HAL_SUBGHZ_PreambleDetectedCallback
                0x000000000800a308       0x1c ./Middlewares/Third_Party/SubGHz_Phy/stm32_radio_driver/radio_driver.o
                0x000000000800a308                HAL_SUBGHZ_PreambleDetectedCallback
 .text.HAL_SUBGHZ_SyncWordValidCallback
                0x000000000800a324       0x1c ./Middlewares/Third_Party/SubGHz_Phy/stm32_radio_driver/radio_driver.o
                0x000000000800a324                HAL_SUBGHZ_SyncWordValidCallback
 .text.HAL_SUBGHZ_HeaderValidCallback
                0x000000000800a340       0x1c ./Middlewares/Third_Party/SubGHz_Phy/stm32_radio_driver/radio_driver.o
                0x000000000800a340                HAL_SUBGHZ_HeaderValidCallback
 .text.Radio_SMPS_Set
                0x000000000800a35c       0x42 ./Middlewares/Third_Party/SubGHz_Phy/stm32_radio_driver/radio_driver.o
 *fill*         0x000000000800a39e        0x2 
 .text.SUBGRF_GetFskBandwidthRegValue
                0x000000000800a3a0       0x50 ./Middlewares/Third_Party/SubGHz_Phy/stm32_radio_driver/radio_driver.o
                0x000000000800a3a0                SUBGRF_GetFskBandwidthRegValue
 .text.SUBGRF_GetCFO
                0x000000000800a3f0       0xe8 ./Middlewares/Third_Party/SubGHz_Phy/stm32_radio_driver/radio_driver.o
                0x000000000800a3f0                SUBGRF_GetCFO
 .text.RFW_TransmitLongPacket
                0x000000000800a4d8       0x24 ./Middlewares/Third_Party/SubGHz_Phy/stm32_radio_driver/radio_fw.o
                0x000000000800a4d8                RFW_TransmitLongPacket
 .text.RFW_ReceiveLongPacket
                0x000000000800a4fc       0x24 ./Middlewares/Third_Party/SubGHz_Phy/stm32_radio_driver/radio_fw.o
                0x000000000800a4fc                RFW_ReceiveLongPacket
 .text.RFW_Init
                0x000000000800a520       0x1a ./Middlewares/Third_Party/SubGHz_Phy/stm32_radio_driver/radio_fw.o
                0x000000000800a520                RFW_Init
 .text.RFW_DeInit
                0x000000000800a53a        0xc ./Middlewares/Third_Party/SubGHz_Phy/stm32_radio_driver/radio_fw.o
                0x000000000800a53a                RFW_DeInit
 .text.RFW_Is_Init
                0x000000000800a546        0xe ./Middlewares/Third_Party/SubGHz_Phy/stm32_radio_driver/radio_fw.o
                0x000000000800a546                RFW_Is_Init
 .text.RFW_Is_LongPacketModeEnabled
                0x000000000800a554        0xe ./Middlewares/Third_Party/SubGHz_Phy/stm32_radio_driver/radio_fw.o
                0x000000000800a554                RFW_Is_LongPacketModeEnabled
 .text.RFW_SetAntSwitch
                0x000000000800a562       0x14 ./Middlewares/Third_Party/SubGHz_Phy/stm32_radio_driver/radio_fw.o
                0x000000000800a562                RFW_SetAntSwitch
 .text.RFW_TransmitInit
                0x000000000800a576       0x20 ./Middlewares/Third_Party/SubGHz_Phy/stm32_radio_driver/radio_fw.o
                0x000000000800a576                RFW_TransmitInit
 .text.RFW_ReceiveInit
                0x000000000800a596       0x10 ./Middlewares/Third_Party/SubGHz_Phy/stm32_radio_driver/radio_fw.o
                0x000000000800a596                RFW_ReceiveInit
 .text.RFW_DeInit_TxLongPacket
                0x000000000800a5a6        0xc ./Middlewares/Third_Party/SubGHz_Phy/stm32_radio_driver/radio_fw.o
                0x000000000800a5a6                RFW_DeInit_TxLongPacket
 .text.RFW_ReceivePayload
                0x000000000800a5b2        0xc ./Middlewares/Third_Party/SubGHz_Phy/stm32_radio_driver/radio_fw.o
                0x000000000800a5b2                RFW_ReceivePayload
 .text.RFW_SetRadioModem
                0x000000000800a5be       0x14 ./Middlewares/Third_Party/SubGHz_Phy/stm32_radio_driver/radio_fw.o
                0x000000000800a5be                RFW_SetRadioModem
 .text.MX_SubGHz_Phy_Init
                0x000000000800a5d2       0x10 ./SubGHz_Phy/App/app_subghz_phy.o
                0x000000000800a5d2                MX_SubGHz_Phy_Init
 .text.MX_SubGHz_Phy_Process
                0x000000000800a5e2       0x10 ./SubGHz_Phy/App/app_subghz_phy.o
                0x000000000800a5e2                MX_SubGHz_Phy_Process
 *fill*         0x000000000800a5f2        0x2 
 .text.SubghzApp_Init
                0x000000000800a5f4      0x1e4 ./SubGHz_Phy/App/subghz_phy_app.o
                0x000000000800a5f4                SubghzApp_Init
 .text.OnTxDone
                0x000000000800a7d8       0x2c ./SubGHz_Phy/App/subghz_phy_app.o
 .text.OnRxDone
                0x000000000800a804      0x114 ./SubGHz_Phy/App/subghz_phy_app.o
 .text.OnTxTimeout
                0x000000000800a918       0x2c ./SubGHz_Phy/App/subghz_phy_app.o
 .text.OnRxTimeout
                0x000000000800a944       0x2c ./SubGHz_Phy/App/subghz_phy_app.o
 .text.OnRxError
                0x000000000800a970       0x2c ./SubGHz_Phy/App/subghz_phy_app.o
 .text.PingPong_Process
                0x000000000800a99c      0x1a0 ./SubGHz_Phy/App/subghz_phy_app.o
 .text.OnledEvent
                0x000000000800ab3c       0x34 ./SubGHz_Phy/App/subghz_phy_app.o
 .text.RBI_Init
                0x000000000800ab70        0xe ./SubGHz_Phy/Target/radio_board_if.o
                0x000000000800ab70                RBI_Init
 .text.RBI_ConfigRFSwitch
                0x000000000800ab7e       0x1c ./SubGHz_Phy/Target/radio_board_if.o
                0x000000000800ab7e                RBI_ConfigRFSwitch
 .text.RBI_GetTxConfig
                0x000000000800ab9a        0xe ./SubGHz_Phy/Target/radio_board_if.o
                0x000000000800ab9a                RBI_GetTxConfig
 .text.RBI_IsTCXO
                0x000000000800aba8        0xe ./SubGHz_Phy/Target/radio_board_if.o
                0x000000000800aba8                RBI_IsTCXO
 .text.RBI_IsDCDC
                0x000000000800abb6        0xe ./SubGHz_Phy/Target/radio_board_if.o
                0x000000000800abb6                RBI_IsDCDC
 .text.RBI_GetRFOMaxPowerConfig
                0x000000000800abc4       0x1c ./SubGHz_Phy/Target/radio_board_if.o
                0x000000000800abc4                RBI_GetRFOMaxPowerConfig
 .text.UTIL_LPM_Init
                0x000000000800abe0       0x20 ./Utilities/lpm/tiny_lpm/stm32_lpm.o
                0x000000000800abe0                UTIL_LPM_Init
 .text.UTIL_LPM_SetStopMode
                0x000000000800ac00       0x60 ./Utilities/lpm/tiny_lpm/stm32_lpm.o
                0x000000000800ac00                UTIL_LPM_SetStopMode
 .text.UTIL_LPM_SetOffMode
                0x000000000800ac60       0x60 ./Utilities/lpm/tiny_lpm/stm32_lpm.o
                0x000000000800ac60                UTIL_LPM_SetOffMode
 .text.UTIL_LPM_EnterLowPower
                0x000000000800acc0       0x6c ./Utilities/lpm/tiny_lpm/stm32_lpm.o
                0x000000000800acc0                UTIL_LPM_EnterLowPower
 .text.UTIL_MEM_cpy_8
                0x000000000800ad2c       0x3e ./Utilities/misc/stm32_mem.o
                0x000000000800ad2c                UTIL_MEM_cpy_8
 .text.UTIL_MEM_set_8
                0x000000000800ad6a       0x36 ./Utilities/misc/stm32_mem.o
                0x000000000800ad6a                UTIL_MEM_set_8
 .text.SysTimeAdd
                0x000000000800ada0       0x72 ./Utilities/misc/stm32_systime.o
                0x000000000800ada0                SysTimeAdd
 *fill*         0x000000000800ae12        0x2 
 .text.SysTimeGet
                0x000000000800ae14       0x70 ./Utilities/misc/stm32_systime.o
                0x000000000800ae14                SysTimeGet
 .text.ee_skip_atoi
                0x000000000800ae84       0x4c ./Utilities/misc/stm32_tiny_vsnprintf.o
 .text.ee_number
                0x000000000800aed0      0x1dc ./Utilities/misc/stm32_tiny_vsnprintf.o
 .text.tiny_vsnprintf_like
                0x000000000800b0ac      0x2ac ./Utilities/misc/stm32_tiny_vsnprintf.o
                0x000000000800b0ac                tiny_vsnprintf_like
 .text.UTIL_SEQ_Run
                0x000000000800b358      0x1f8 ./Utilities/sequencer/stm32_seq.o
                0x000000000800b358                UTIL_SEQ_Run
 .text.UTIL_SEQ_RegTask
                0x000000000800b550       0x44 ./Utilities/sequencer/stm32_seq.o
                0x000000000800b550                UTIL_SEQ_RegTask
 .text.UTIL_SEQ_SetTask
                0x000000000800b594       0x58 ./Utilities/sequencer/stm32_seq.o
                0x000000000800b594                UTIL_SEQ_SetTask
 .text.UTIL_SEQ_PreIdle
                0x000000000800b5ec        0xc ./Utilities/sequencer/stm32_seq.o
                0x000000000800b5ec                UTIL_SEQ_PreIdle
 .text.UTIL_SEQ_PostIdle
                0x000000000800b5f8        0xc ./Utilities/sequencer/stm32_seq.o
                0x000000000800b5f8                UTIL_SEQ_PostIdle
 .text.SEQ_BitPosition
                0x000000000800b604       0x74 ./Utilities/sequencer/stm32_seq.o
                0x000000000800b604                SEQ_BitPosition
 .text.UTIL_TIMER_Init
                0x000000000800b678       0x20 ./Utilities/timer/stm32_timer.o
                0x000000000800b678                UTIL_TIMER_Init
 .text.UTIL_TIMER_Create
                0x000000000800b698       0x6c ./Utilities/timer/stm32_timer.o
                0x000000000800b698                UTIL_TIMER_Create
 .text.UTIL_TIMER_Start
                0x000000000800b704       0xdc ./Utilities/timer/stm32_timer.o
                0x000000000800b704                UTIL_TIMER_Start
 .text.UTIL_TIMER_Stop
                0x000000000800b7e0       0xe0 ./Utilities/timer/stm32_timer.o
                0x000000000800b7e0                UTIL_TIMER_Stop
 .text.UTIL_TIMER_SetPeriod
                0x000000000800b8c0       0x54 ./Utilities/timer/stm32_timer.o
                0x000000000800b8c0                UTIL_TIMER_SetPeriod
 .text.UTIL_TIMER_IRQ_Handler
                0x000000000800b914      0x100 ./Utilities/timer/stm32_timer.o
                0x000000000800b914                UTIL_TIMER_IRQ_Handler
 .text.UTIL_TIMER_GetCurrentTime
                0x000000000800ba14       0x24 ./Utilities/timer/stm32_timer.o
                0x000000000800ba14                UTIL_TIMER_GetCurrentTime
 .text.UTIL_TIMER_GetElapsedTime
                0x000000000800ba38       0x38 ./Utilities/timer/stm32_timer.o
                0x000000000800ba38                UTIL_TIMER_GetElapsedTime
 .text.TimerExists
                0x000000000800ba70       0x38 ./Utilities/timer/stm32_timer.o
                0x000000000800ba70                TimerExists
 .text.TimerSetTimeout
                0x000000000800baa8       0x54 ./Utilities/timer/stm32_timer.o
                0x000000000800baa8                TimerSetTimeout
 .text.TimerInsertTimer
                0x000000000800bafc       0x60 ./Utilities/timer/stm32_timer.o
                0x000000000800bafc                TimerInsertTimer
 .text.TimerInsertNewHeadTimer
                0x000000000800bb5c       0x3c ./Utilities/timer/stm32_timer.o
                0x000000000800bb5c                TimerInsertNewHeadTimer
 .text.UTIL_ADV_TRACE_Init
                0x000000000800bb98       0x38 ./Utilities/trace/adv_trace/stm32_adv_trace.o
                0x000000000800bb98                UTIL_ADV_TRACE_Init
 .text.UTIL_ADV_TRACE_COND_FSend
                0x000000000800bbd0      0x100 ./Utilities/trace/adv_trace/stm32_adv_trace.o
                0x000000000800bbd0                UTIL_ADV_TRACE_COND_FSend
 .text.UTIL_ADV_TRACE_RegisterTimeStampFunction
                0x000000000800bcd0       0x1c ./Utilities/trace/adv_trace/stm32_adv_trace.o
                0x000000000800bcd0                UTIL_ADV_TRACE_RegisterTimeStampFunction
 .text.UTIL_ADV_TRACE_SetVerboseLevel
                0x000000000800bcec       0x20 ./Utilities/trace/adv_trace/stm32_adv_trace.o
                0x000000000800bcec                UTIL_ADV_TRACE_SetVerboseLevel
 .text.TRACE_Send
                0x000000000800bd0c      0x108 ./Utilities/trace/adv_trace/stm32_adv_trace.o
 .text.TRACE_TxCpltCallback
                0x000000000800be14      0x118 ./Utilities/trace/adv_trace/stm32_adv_trace.o
 .text.TRACE_AllocateBufer
                0x000000000800bf2c       0xfc ./Utilities/trace/adv_trace/stm32_adv_trace.o
 .text.TRACE_Lock
                0x000000000800c028       0x3c ./Utilities/trace/adv_trace/stm32_adv_trace.o
 .text.TRACE_UnLock
                0x000000000800c064       0x3c ./Utilities/trace/adv_trace/stm32_adv_trace.o
 .text.TRACE_IsLocked
                0x000000000800c0a0       0x20 ./Utilities/trace/adv_trace/stm32_adv_trace.o
 .text.__libc_init_array
                0x000000000800c0c0       0x48 c:/st/stm32cubeide_1.9.0/stm32cubeide/plugins/com.st.stm32cube.ide.mcu.externaltools.gnu-tools-for-stm32.10.3-2021.10.win32_1.0.0.202111181127/tools/bin/../lib/gcc/arm-none-eabi/10.3.1/../../../../arm-none-eabi/lib/thumb/v7e-m/nofp\libc_nano.a(lib_a-init.o)
                0x000000000800c0c0                __libc_init_array
 .text.memcpy   0x000000000800c108       0x1c c:/st/stm32cubeide_1.9.0/stm32cubeide/plugins/com.st.stm32cube.ide.mcu.externaltools.gnu-tools-for-stm32.10.3-2021.10.win32_1.0.0.202111181127/tools/bin/../lib/gcc/arm-none-eabi/10.3.1/../../../../arm-none-eabi/lib/thumb/v7e-m/nofp\libc_nano.a(lib_a-memcpy-stub.o)
                0x000000000800c108                memcpy
 .text.memset   0x000000000800c124       0x10 c:/st/stm32cubeide_1.9.0/stm32cubeide/plugins/com.st.stm32cube.ide.mcu.externaltools.gnu-tools-for-stm32.10.3-2021.10.win32_1.0.0.202111181127/tools/bin/../lib/gcc/arm-none-eabi/10.3.1/../../../../arm-none-eabi/lib/thumb/v7e-m/nofp\libc_nano.a(lib_a-memset.o)
                0x000000000800c124                memset
 .text.strncmp  0x000000000800c134       0x28 c:/st/stm32cubeide_1.9.0/stm32cubeide/plugins/com.st.stm32cube.ide.mcu.externaltools.gnu-tools-for-stm32.10.3-2021.10.win32_1.0.0.202111181127/tools/bin/../lib/gcc/arm-none-eabi/10.3.1/../../../../arm-none-eabi/lib/thumb/v7e-m/nofp\libc_nano.a(lib_a-strncmp.o)
                0x000000000800c134                strncmp
 *(.glue_7)
 .glue_7        0x000000000800c15c        0x0 linker stubs
 *(.glue_7t)
 .glue_7t       0x000000000800c15c        0x0 linker stubs
 *(.eh_frame)
 .eh_frame      0x000000000800c15c        0x0 c:/st/stm32cubeide_1.9.0/stm32cubeide/plugins/com.st.stm32cube.ide.mcu.externaltools.gnu-tools-for-stm32.10.3-2021.10.win32_1.0.0.202111181127/tools/bin/../lib/gcc/arm-none-eabi/10.3.1/thumb/v7e-m/nofp/crtbegin.o
 *(.init)
 .init          0x000000000800c15c        0x4 c:/st/stm32cubeide_1.9.0/stm32cubeide/plugins/com.st.stm32cube.ide.mcu.externaltools.gnu-tools-for-stm32.10.3-2021.10.win32_1.0.0.202111181127/tools/bin/../lib/gcc/arm-none-eabi/10.3.1/thumb/v7e-m/nofp/crti.o
                0x000000000800c15c                _init
 .init          0x000000000800c160        0x8 c:/st/stm32cubeide_1.9.0/stm32cubeide/plugins/com.st.stm32cube.ide.mcu.externaltools.gnu-tools-for-stm32.10.3-2021.10.win32_1.0.0.202111181127/tools/bin/../lib/gcc/arm-none-eabi/10.3.1/thumb/v7e-m/nofp/crtn.o
 *(.fini)
 .fini          0x000000000800c168        0x4 c:/st/stm32cubeide_1.9.0/stm32cubeide/plugins/com.st.stm32cube.ide.mcu.externaltools.gnu-tools-for-stm32.10.3-2021.10.win32_1.0.0.202111181127/tools/bin/../lib/gcc/arm-none-eabi/10.3.1/thumb/v7e-m/nofp/crti.o
                0x000000000800c168                _fini
 .fini          0x000000000800c16c        0x8 c:/st/stm32cubeide_1.9.0/stm32cubeide/plugins/com.st.stm32cube.ide.mcu.externaltools.gnu-tools-for-stm32.10.3-2021.10.win32_1.0.0.202111181127/tools/bin/../lib/gcc/arm-none-eabi/10.3.1/thumb/v7e-m/nofp/crtn.o
                0x000000000800c174                . = ALIGN (0x4)
                0x000000000800c174                _etext = .

.vfp11_veneer   0x000000000800c174        0x0
 .vfp11_veneer  0x000000000800c174        0x0 linker stubs

.v4_bx          0x000000000800c174        0x0
 .v4_bx         0x000000000800c174        0x0 linker stubs

.iplt           0x000000000800c174        0x0
 .iplt          0x000000000800c174        0x0 c:/st/stm32cubeide_1.9.0/stm32cubeide/plugins/com.st.stm32cube.ide.mcu.externaltools.gnu-tools-for-stm32.10.3-2021.10.win32_1.0.0.202111181127/tools/bin/../lib/gcc/arm-none-eabi/10.3.1/thumb/v7e-m/nofp/crtbegin.o

.rodata         0x000000000800c174      0x520
                0x000000000800c174                . = ALIGN (0x4)
 *(.rodata)
 .rodata        0x000000000800c174        0x9 ./Core/Src/sys_app.o
 *fill*         0x000000000800c17d        0x3 
 .rodata        0x000000000800c180       0x1c ./Drivers/STM32WLxx_HAL_Driver/Src/stm32wlxx_hal_rcc.o
 .rodata        0x000000000800c19c       0x7c ./Middlewares/Third_Party/SubGHz_Phy/stm32_radio_driver/radio.o
 .rodata        0x000000000800c218       0x11 ./Middlewares/Third_Party/SubGHz_Phy/stm32_radio_driver/radio_driver.o
 *fill*         0x000000000800c229        0x3 
 .rodata        0x000000000800c22c      0x195 ./SubGHz_Phy/App/subghz_phy_app.o
 *fill*         0x000000000800c3c1        0x3 
 .rodata        0x000000000800c3c4       0x57 ./Utilities/misc/stm32_tiny_vsnprintf.o
 *(.rodata*)
 *fill*         0x000000000800c41b        0x1 
 .rodata.UTIL_PowerDriver
                0x000000000800c41c       0x18 ./Core/Src/stm32_lpm_if.o
                0x000000000800c41c                UTIL_PowerDriver
 .rodata.AHBPrescTable
                0x000000000800c434       0x40 ./Core/Src/system_stm32wlxx.o
                0x000000000800c434                AHBPrescTable
 .rodata.APBPrescTable
                0x000000000800c474       0x20 ./Core/Src/system_stm32wlxx.o
                0x000000000800c474                APBPrescTable
 .rodata.MSIRangeTable
                0x000000000800c494       0x40 ./Core/Src/system_stm32wlxx.o
                0x000000000800c494                MSIRangeTable
 .rodata.UTIL_TimerDriver
                0x000000000800c4d4       0x2c ./Core/Src/timer_if.o
                0x000000000800c4d4                UTIL_TimerDriver
 .rodata.UTIL_SYSTIMDriver
                0x000000000800c500       0x14 ./Core/Src/timer_if.o
                0x000000000800c500                UTIL_SYSTIMDriver
 .rodata.UTIL_TraceDriver
                0x000000000800c514       0x10 ./Core/Src/usart_if.o
                0x000000000800c514                UTIL_TraceDriver
 .rodata.UARTPrescTable
                0x000000000800c524       0x18 ./Drivers/STM32WLxx_HAL_Driver/Src/stm32wlxx_hal_uart.o
                0x000000000800c524                UARTPrescTable
 .rodata.numerator.1
                0x000000000800c53c        0x8 ./Drivers/STM32WLxx_HAL_Driver/Src/stm32wlxx_hal_uart_ex.o
 .rodata.denominator.0
                0x000000000800c544        0x8 ./Drivers/STM32WLxx_HAL_Driver/Src/stm32wlxx_hal_uart_ex.o
 .rodata.Radio  0x000000000800c54c       0x84 ./Middlewares/Third_Party/SubGHz_Phy/stm32_radio_driver/radio.o
                0x000000000800c54c                Radio
 .rodata.Bandwidths
                0x000000000800c5d0        0x3 ./Middlewares/Third_Party/SubGHz_Phy/stm32_radio_driver/radio.o
                0x000000000800c5d0                Bandwidths
 *fill*         0x000000000800c5d3        0x1 
 .rodata.FskBandwidths
                0x000000000800c5d4       0xb0 ./Middlewares/Third_Party/SubGHz_Phy/stm32_radio_driver/radio_driver.o
 .rodata.SEQ_clz_table_4bit
                0x000000000800c684       0x10 ./Utilities/sequencer/stm32_seq.o
                0x000000000800c684                SEQ_clz_table_4bit
                0x000000000800c694                . = ALIGN (0x4)

.ARM.extab      0x000000000800c694        0x0
                0x000000000800c694                . = ALIGN (0x4)
 *(.ARM.extab* .gnu.linkonce.armextab.*)
                0x000000000800c694                . = ALIGN (0x4)

.ARM            0x000000000800c694        0x8
                0x000000000800c694                . = ALIGN (0x4)
                0x000000000800c694                __exidx_start = .
 *(.ARM.exidx*)
 .ARM.exidx     0x000000000800c694        0x8 c:/st/stm32cubeide_1.9.0/stm32cubeide/plugins/com.st.stm32cube.ide.mcu.externaltools.gnu-tools-for-stm32.10.3-2021.10.win32_1.0.0.202111181127/tools/bin/../lib/gcc/arm-none-eabi/10.3.1/thumb/v7e-m/nofp\libgcc.a(_udivmoddi4.o)
                0x000000000800c69c                __exidx_end = .
                0x000000000800c69c                . = ALIGN (0x4)

.rel.dyn        0x000000000800c69c        0x0